Archive member included to satisfy reference by file (symbol)

C:/ST/STM32CubeIDE_1.19.0/STM32CubeIDE/plugins/com.st.stm32cube.ide.mcu.externaltools.gnu-tools-for-stm32.13.3.rel1.win32_1.0.0.202411081344/tools/bin/../lib/gcc/arm-none-eabi/13.3.1/../../../../arm-none-eabi/lib/thumb/v8-m.main+fp/hard\libc_nano.a(libc_a-exit.o)
                              C:/ST/STM32CubeIDE_1.19.0/STM32CubeIDE/plugins/com.st.stm32cube.ide.mcu.externaltools.gnu-tools-for-stm32.13.3.rel1.win32_1.0.0.202411081344/tools/bin/../lib/gcc/arm-none-eabi/13.3.1/../../../../arm-none-eabi/lib/thumb/v8-m.main+fp/hard/crt0.o (exit)
C:/ST/STM32CubeIDE_1.19.0/STM32CubeIDE/plugins/com.st.stm32cube.ide.mcu.externaltools.gnu-tools-for-stm32.13.3.rel1.win32_1.0.0.202411081344/tools/bin/../lib/gcc/arm-none-eabi/13.3.1/../../../../arm-none-eabi/lib/thumb/v8-m.main+fp/hard\libc_nano.a(libc_a-findfp.o)
                              C:/ST/STM32CubeIDE_1.19.0/STM32CubeIDE/plugins/com.st.stm32cube.ide.mcu.externaltools.gnu-tools-for-stm32.13.3.rel1.win32_1.0.0.202411081344/tools/bin/../lib/gcc/arm-none-eabi/13.3.1/../../../../arm-none-eabi/lib/thumb/v8-m.main+fp/hard\libc_nano.a(libc_a-exit.o) (__stdio_exit_handler)
C:/ST/STM32CubeIDE_1.19.0/STM32CubeIDE/plugins/com.st.stm32cube.ide.mcu.externaltools.gnu-tools-for-stm32.13.3.rel1.win32_1.0.0.202411081344/tools/bin/../lib/gcc/arm-none-eabi/13.3.1/../../../../arm-none-eabi/lib/thumb/v8-m.main+fp/hard\libc_nano.a(libc_a-fwalk.o)
                              C:/ST/STM32CubeIDE_1.19.0/STM32CubeIDE/plugins/com.st.stm32cube.ide.mcu.externaltools.gnu-tools-for-stm32.13.3.rel1.win32_1.0.0.202411081344/tools/bin/../lib/gcc/arm-none-eabi/13.3.1/../../../../arm-none-eabi/lib/thumb/v8-m.main+fp/hard\libc_nano.a(libc_a-findfp.o) (_fwalk_sglue)
C:/ST/STM32CubeIDE_1.19.0/STM32CubeIDE/plugins/com.st.stm32cube.ide.mcu.externaltools.gnu-tools-for-stm32.13.3.rel1.win32_1.0.0.202411081344/tools/bin/../lib/gcc/arm-none-eabi/13.3.1/../../../../arm-none-eabi/lib/thumb/v8-m.main+fp/hard\libc_nano.a(libc_a-stdio.o)
                              C:/ST/STM32CubeIDE_1.19.0/STM32CubeIDE/plugins/com.st.stm32cube.ide.mcu.externaltools.gnu-tools-for-stm32.13.3.rel1.win32_1.0.0.202411081344/tools/bin/../lib/gcc/arm-none-eabi/13.3.1/../../../../arm-none-eabi/lib/thumb/v8-m.main+fp/hard\libc_nano.a(libc_a-findfp.o) (__sread)
C:/ST/STM32CubeIDE_1.19.0/STM32CubeIDE/plugins/com.st.stm32cube.ide.mcu.externaltools.gnu-tools-for-stm32.13.3.rel1.win32_1.0.0.202411081344/tools/bin/../lib/gcc/arm-none-eabi/13.3.1/../../../../arm-none-eabi/lib/thumb/v8-m.main+fp/hard\libc_nano.a(libc_a-vsnprintf.o)
                              ./Core/Src/log.o (vsnprintf)
C:/ST/STM32CubeIDE_1.19.0/STM32CubeIDE/plugins/com.st.stm32cube.ide.mcu.externaltools.gnu-tools-for-stm32.13.3.rel1.win32_1.0.0.202411081344/tools/bin/../lib/gcc/arm-none-eabi/13.3.1/../../../../arm-none-eabi/lib/thumb/v8-m.main+fp/hard\libc_nano.a(libc_a-memset.o)
                              C:/ST/STM32CubeIDE_1.19.0/STM32CubeIDE/plugins/com.st.stm32cube.ide.mcu.externaltools.gnu-tools-for-stm32.13.3.rel1.win32_1.0.0.202411081344/tools/bin/../lib/gcc/arm-none-eabi/13.3.1/../../../../arm-none-eabi/lib/thumb/v8-m.main+fp/hard/crt0.o (memset)
C:/ST/STM32CubeIDE_1.19.0/STM32CubeIDE/plugins/com.st.stm32cube.ide.mcu.externaltools.gnu-tools-for-stm32.13.3.rel1.win32_1.0.0.202411081344/tools/bin/../lib/gcc/arm-none-eabi/13.3.1/../../../../arm-none-eabi/lib/thumb/v8-m.main+fp/hard\libc_nano.a(libc_a-closer.o)
                              C:/ST/STM32CubeIDE_1.19.0/STM32CubeIDE/plugins/com.st.stm32cube.ide.mcu.externaltools.gnu-tools-for-stm32.13.3.rel1.win32_1.0.0.202411081344/tools/bin/../lib/gcc/arm-none-eabi/13.3.1/../../../../arm-none-eabi/lib/thumb/v8-m.main+fp/hard\libc_nano.a(libc_a-stdio.o) (_close_r)
C:/ST/STM32CubeIDE_1.19.0/STM32CubeIDE/plugins/com.st.stm32cube.ide.mcu.externaltools.gnu-tools-for-stm32.13.3.rel1.win32_1.0.0.202411081344/tools/bin/../lib/gcc/arm-none-eabi/13.3.1/../../../../arm-none-eabi/lib/thumb/v8-m.main+fp/hard\libc_nano.a(libc_a-reent.o)
                              C:/ST/STM32CubeIDE_1.19.0/STM32CubeIDE/plugins/com.st.stm32cube.ide.mcu.externaltools.gnu-tools-for-stm32.13.3.rel1.win32_1.0.0.202411081344/tools/bin/../lib/gcc/arm-none-eabi/13.3.1/../../../../arm-none-eabi/lib/thumb/v8-m.main+fp/hard\libc_nano.a(libc_a-closer.o) (errno)
C:/ST/STM32CubeIDE_1.19.0/STM32CubeIDE/plugins/com.st.stm32cube.ide.mcu.externaltools.gnu-tools-for-stm32.13.3.rel1.win32_1.0.0.202411081344/tools/bin/../lib/gcc/arm-none-eabi/13.3.1/../../../../arm-none-eabi/lib/thumb/v8-m.main+fp/hard\libc_nano.a(libc_a-impure.o)
                              C:/ST/STM32CubeIDE_1.19.0/STM32CubeIDE/plugins/com.st.stm32cube.ide.mcu.externaltools.gnu-tools-for-stm32.13.3.rel1.win32_1.0.0.202411081344/tools/bin/../lib/gcc/arm-none-eabi/13.3.1/../../../../arm-none-eabi/lib/thumb/v8-m.main+fp/hard\libc_nano.a(libc_a-vsnprintf.o) (_impure_ptr)
[...]
Memory Configuration

Name             Origin             Length             Attributes
RAM              0x20000000         0x00044000         xrw
FLASH            0x08000000         0x00080000         xr
*default*        0x00000000         0xffffffff

Linker script and memory map

LOAD C:/ST/STM32CubeIDE_1.19.0/STM32CubeIDE/plugins/com.st.stm32cube.ide.mcu.externaltools.gnu-tools-for-stm32.13.3.rel1.win32_1.0.0.202411081344/tools/bin/../lib/gcc/arm-none-eabi/13.3.1/thumb/v8-m.main+fp/hard/crti.o
LOAD C:/ST/STM32CubeIDE_1.19.0/STM32CubeIDE/plugins/com.st.stm32cube.ide.mcu.externaltools.gnu-tools-for-stm32.13.3.rel1.win32_1.0.0.202411081344/tools/bin/../lib/gcc/arm-none-eabi/13.3.1/thumb/v8-m.main+fp/hard/crtbegin.o
LOAD C:/ST/STM32CubeIDE_1.19.0/STM32CubeIDE/plugins/com.st.stm32cube.ide.mcu.externaltools.gnu-tools-for-stm32.13.3.rel1.win32_1.0.0.202411081344/tools/bin/../lib/gcc/arm-none-eabi/13.3.1/../../../../arm-none-eabi/lib/thumb/v8-m.main+fp/hard/crt0.o
LOAD ./Core/Src/SEGGER_RTT.o
LOAD ./Core/Src/log.o
LOAD ./Core/Src/main.o
LOAD ./Core/Src/stm32h5xx_hal_msp.o
LOAD ./Core/Src/stm32h5xx_it.o
LOAD ./Core/Src/syscalls.o
LOAD ./Core/Src/sysmem.o
LOAD ./Core/Src/system_stm32h5xx.o
LOAD ./Core/Startup/startup_stm32h523cetx.o
LOAD ./Drivers/STM32H5xx_HAL_Driver/Src/stm32h5xx_hal.o
LOAD ./Drivers/STM32H5xx_HAL_Driver/Src/stm32h5xx_hal_cortex.o
LOAD ./Drivers/STM32H5xx_HAL_Driver/Src/stm32h5xx_hal_dma.o
LOAD ./Drivers/STM32H5xx_HAL_Driver/Src/stm32h5xx_hal_dma_ex.o
LOAD ./Drivers/STM32H5xx_HAL_Driver/Src/stm32h5xx_hal_exti.o
LOAD ./Drivers/STM32H5xx_HAL_Driver/Src/stm32h5xx_hal_flash.o
LOAD ./Drivers/STM32H5xx_HAL_Driver/Src/stm32h5xx_hal_flash_ex.o
LOAD ./Drivers/STM32H5xx_HAL_Driver/Src/stm32h5xx_hal_gpio.o
LOAD ./Drivers/STM32H5xx_HAL_Driver/Src/stm32h5xx_hal_hash.o
LOAD ./Drivers/STM32H5xx_HAL_Driver/Src/stm32h5xx_hal_pwr.o
LOAD ./Drivers/STM32H5xx_HAL_Driver/Src/stm32h5xx_hal_pwr_ex.o
LOAD ./Drivers/STM32H5xx_HAL_Driver/Src/stm32h5xx_hal_rcc.o
LOAD ./Drivers/STM32H5xx_HAL_Driver/Src/stm32h5xx_hal_rcc_ex.o
START GROUP
LOAD C:/ST/STM32CubeIDE_1.19.0/STM32CubeIDE/plugins/com.st.stm32cube.ide.mcu.externaltools.gnu-tools-for-stm32.13.3.rel1.win32_1.0.0.202411081344/tools/bin/../lib/gcc/arm-none-eabi/13.3.1/../../../../arm-none-eabi/lib/thumb/v8-m.main+fp/hard\libc_nano.a
LOAD C:/ST/STM32CubeIDE_1.19.0/STM32CubeIDE/plugins/com.st.stm32cube.ide.mcu.externaltools.gnu-tools-for-stm32.13.3.rel1.win32_1.0.0.202411081344/tools/bin/../lib/gcc/arm-none-eabi/13.3.1/../../../../arm-none-eabi/lib/thumb/v8-m.main+fp/hard\libm.a
END GROUP
START GROUP
LOAD C:/ST/STM32CubeIDE_1.19.0/STM32CubeIDE/plugins/com.st.stm32cube.ide.mcu.externaltools.gnu-tools-for-stm32.13.3.rel1.win32_1.0.0.202411081344/tools/bin/../lib/gcc/arm-none-eabi/13.3.1/thumb/v8-m.main+fp/hard\libgcc.a
LOAD C:/ST/STM32CubeIDE_1.19.0/STM32CubeIDE/plugins/com.st.stm32cube.ide.mcu.externaltools.gnu-tools-for-stm32.13.3.rel1.win32_1.0.0.202411081344/tools/bin/../lib/gcc/arm-none-eabi/13.3.1/../../../../arm-none-eabi/lib/thumb/v8-m.main+fp/hard\libc_nano.a
END GROUP
START GROUP
LOAD C:/ST/STM32CubeIDE_1.19.0/STM32CubeIDE/plugins/com.st.stm32cube.ide.mcu.externaltools.gnu-tools-for-stm32.13.3.rel1.win32_1.0.0.202411081344/tools/bin/../lib/gcc/arm-none-eabi/13.3.1/thumb/v8-m.main+fp/hard\libgcc.a
LOAD C:/ST/STM32CubeIDE_1.19.0/STM32CubeIDE/plugins/com.st.stm32cube.ide.mcu.externaltools.gnu-tools-for-stm32.13.3.rel1.win32_1.0.0.202411081344/tools/bin/../lib/gcc/arm-none-eabi/13.3.1/../../../../arm-none-eabi/lib/thumb/v8-m.main+fp/hard\libc_nano.a
LOAD C:/ST/STM32CubeIDE_1.19.0/STM32CubeIDE/plugins/com.st.stm32cube.ide.mcu.externaltools.gnu-tools-for-stm32.13.3.rel1.win32_1.0.0.202411081344/tools/bin/../lib/gcc/arm-none-eabi/13.3.1/../../../../arm-none-eabi/lib/thumb/v8-m.main+fp/hard\libnosys.a
END GROUP
START GROUP
LOAD C:/ST/STM32CubeIDE_1.19.0/STM32CubeIDE/plugins/com.st.stm32cube.ide.mcu.externaltools.gnu-tools-for-stm32.13.3.rel1.win32_1.0.0.202411081344/tools/bin/../lib/gcc/arm-none-eabi/13.3.1/thumb/v8-m.main+fp/hard\libgcc.a
LOAD C:/ST/STM32CubeIDE_1.19.0/STM32CubeIDE/plugins/com.st.stm32cube.ide.mcu.externaltools.gnu-tools-for-stm32.13.3.rel1.win32_1.0.0.202411081344/tools/bin/../lib/gcc/arm-none-eabi/13.3.1/../../../../arm-none-eabi/lib/thumb/v8-m.main+fp/hard\libc_nano.a
LOAD C:/ST/STM32CubeIDE_1.19.0/STM32CubeIDE/plugins/com.st.stm32cube.ide.mcu.externaltools.gnu-tools-for-stm32.13.3.rel1.win32_1.0.0.202411081344/tools/bin/../lib/gcc/arm-none-eabi/13.3.1/../../../../arm-none-eabi/lib/thumb/v8-m.main+fp/hard\libnosys.a
END GROUP
LOAD C:/ST/STM32CubeIDE_1.19.0/STM32CubeIDE/plugins/com.st.stm32cube.ide.mcu.externaltools.gnu-tools-for-stm32.13.3.rel1.win32_1.0.0.202411081344/tools/bin/../lib/gcc/arm-none-eabi/13.3.1/thumb/v8-m.main+fp/hard/crtend.o
LOAD C:/ST/STM32CubeIDE_1.19.0/STM32CubeIDE/plugins/com.st.stm32cube.ide.mcu.externaltools.gnu-tools-for-stm32.13.3.rel1.win32_1.0.0.202411081344/tools/bin/../lib/gcc/arm-none-eabi/13.3.1/thumb/v8-m.main+fp/hard/crtn.o
                0x20044000                        _estack = (ORIGIN (RAM) + LENGTH (RAM))
                0x00000200                        _Min_Heap_Size = 0x200
                0x00000400                        _Min_Stack_Size = 0x400

.isr_vector     0x08000000      0x254
                0x08000000                        . = ALIGN (0x4)
 *(.isr_vector)
 .isr_vector    0x08000000      0x254 ./Core/Startup/startup_stm32h523cetx.o
                0x08000000                g_pfnVectors
                0x08000254                        . = ALIGN (0x4)

.text           0x08000254     0x2e24
                0x08000254                        . = ALIGN (0x4)
 *(.text)
 .text          0x08000254       0x40 C:/ST/STM32CubeIDE_1.19.0/STM32CubeIDE/plugins/com.st.stm32cube.ide.mcu.externaltools.gnu-tools-for-stm32.13.3.rel1.win32_1.0.0.202411081344/tools/bin/../lib/gcc/arm-none-eabi/13.3.1/thumb/v8-m.main+fp/hard/crtbegin.o
 .text          0x08000294       0x10 C:/ST/STM32CubeIDE_1.19.0/STM32CubeIDE/plugins/com.st.stm32cube.ide.mcu.externaltools.gnu-tools-for-stm32.13.3.rel1.win32_1.0.0.202411081344/tools/bin/../lib/gcc/arm-none-eabi/13.3.1/../../../../arm-none-eabi/lib/thumb/v8-m.main+fp/hard\libc_nano.a(libc_a-strlen.o)
                0x08000294                strlen
 *(.text*)
 .text._DoInit  0x080002a4       0xb4 ./Core/Src/SEGGER_RTT.o
 .text._WriteBlocking
                0x08000358       0xba ./Core/Src/SEGGER_RTT.o
 .text._WriteNoCheck
                0x08000412       0x90 ./Core/Src/SEGGER_RTT.o
 .text._GetAvailWriteSpace
                0x080004a2       0x46 ./Core/Src/SEGGER_RTT.o
 .text.SEGGER_RTT_WriteNoLock
                0x080004e8       0xa0 ./Core/Src/SEGGER_RTT.o
                0x080004e8                SEGGER_RTT_WriteNoLock
 .text.SEGGER_RTT_Write
                0x08000588       0x4c ./Core/Src/SEGGER_RTT.o
                0x08000588                SEGGER_RTT_Write
 .text.SEGGER_RTT_WriteString
                0x080005d4       0x26 ./Core/Src/SEGGER_RTT.o
                0x080005d4                SEGGER_RTT_WriteString
 .text.SEGGER_RTT_Init
                0x080005fa        0xc ./Core/Src/SEGGER_RTT.o
                0x080005fa                SEGGER_RTT_Init
 .text.log_init
                0x08000606        0xc ./Core/Src/log.o
                0x08000606                log_init
 .text.log_printf
                0x08000612       0x4c ./Core/Src/log.o
                0x08000612                log_printf
 *fill*         0x0800065e        0x2 
 .text.log_println
                0x08000660       0x24 ./Core/Src/log.o
                0x08000660                log_println
 .text.main     0x08000684       0x78 ./Core/Src/main.o
                0x08000684                main
 .text.SystemClock_Config
                0x080006fc       0xc0 ./Core/Src/main.o
                0x080006fc                SystemClock_Config
 .text.MX_HASH_Init
                0x080007bc       0x40 ./Core/Src/main.o
 .text.Error_Handler
                0x080007fc        0xc ./Core/Src/main.o
                0x080007fc                Error_Handler
 .text.HAL_MspInit
                0x08000808        0xe ./Core/Src/stm32h5xx_hal_msp.o
                0x08000808                HAL_MspInit
 *fill*         0x08000816        0x2 
 .text.HAL_HASH_MspInit
                0x08000818       0x38 ./Core/Src/stm32h5xx_hal_msp.o
                0x08000818                HAL_HASH_MspInit
 .text.NMI_Handler
                0x08000850        0x8 ./Core/Src/stm32h5xx_it.o
                0x08000850                NMI_Handler
 .text.HardFault_Handler
                0x08000858        0x8 ./Core/Src/stm32h5xx_it.o
                0x08000858                HardFault_Handler
 .text.MemManage_Handler
                0x08000860        0x8 ./Core/Src/stm32h5xx_it.o
                0x08000860                MemManage_Handler
 .text.BusFault_Handler
                0x08000868        0x8 ./Core/Src/stm32h5xx_it.o
                0x08000868                BusFault_Handler
 .text.UsageFault_Handler
                0x08000870        0x8 ./Core/Src/stm32h5xx_it.o
                0x08000870                UsageFault_Handler
 .text.SVC_Handler
                0x08000878        0xe ./Core/Src/stm32h5xx_it.o
                0x08000878                SVC_Handler
 .text.DebugMon_Handler
                0x08000886        0xe ./Core/Src/stm32h5xx_it.o
                0x08000886                DebugMon_Handler
 .text.PendSV_Handler
                0x08000894        0xe ./Core/Src/stm32h5xx_it.o
                0x08000894                PendSV_Handler
 .text.SysTick_Handler
                0x080008a2        0xc ./Core/Src/stm32h5xx_it.o
                0x080008a2                SysTick_Handler
 *fill*         0x080008ae        0x2 
 .text._sbrk    0x080008b0       0x6c ./Core/Src/sysmem.o
                0x080008b0                _sbrk
 .text.SystemInit
                0x0800091c       0xf8 ./Core/Src/system_stm32h5xx.o
                0x0800091c                SystemInit
 .text.Reset_Handler
                0x08000a14       0x50 ./Core/Startup/startup_stm32h523cetx.o
                0x08000a14                Reset_Handler
 .text.Default_Handler
                0x08000a64        0x2 ./Core/Startup/startup_stm32h523cetx.o
                0x08000a64                EXTI2_IRQHandler
                0x08000a64                TIM8_TRG_COM_IRQHandler
                0x08000a64                TIM8_CC_IRQHandler
                0x08000a64                EXTI5_IRQHandler
                0x08000a64                I3C1_ER_IRQHandler
                0x08000a64                SPI4_IRQHandler
                0x08000a64                GPDMA2_Channel1_IRQHandler
                0x08000a64                FLASH_S_IRQHandler
                0x08000a64                EXTI13_IRQHandler
                0x08000a64                TIM1_CC_IRQHandler
                0x08000a64                GPDMA2_Channel3_IRQHandler
                0x08000a64                TAMP_IRQHandler
                0x08000a64                TIM6_IRQHandler
                0x08000a64                EXTI12_IRQHandler
                0x08000a64                USB_DRD_FS_IRQHandler
                0x08000a64                EXTI3_IRQHandler
                0x08000a64                GPDMA1_Channel5_IRQHandler
                0x08000a64                EXTI8_IRQHandler
                0x08000a64                GPDMA2_Channel5_IRQHandler
                0x08000a64                LPTIM2_IRQHandler
                0x08000a64                I2C3_ER_IRQHandler
                0x08000a64                GPDMA2_Channel2_IRQHandler
                0x08000a64                EXTI0_IRQHandler
                0x08000a64                I2C2_EV_IRQHandler
                0x08000a64                FPU_IRQHandler
                0x08000a64                GPDMA1_Channel3_IRQHandler
                0x08000a64                GPDMA1_Channel7_IRQHandler
                0x08000a64                FDCAN1_IT1_IRQHandler
                0x08000a64                RAMCFG_IRQHandler
                0x08000a64                DCACHE1_IRQHandler
                0x08000a64                SPI1_IRQHandler
                0x08000a64                OCTOSPI1_IRQHandler
                0x08000a64                GPDMA1_Channel2_IRQHandler
                0x08000a64                TIM8_UP_IRQHandler
                0x08000a64                RCC_S_IRQHandler
                0x08000a64                ADC1_IRQHandler
                0x08000a64                USART6_IRQHandler
                0x08000a64                I3C2_ER_IRQHandler
                0x08000a64                EXTI15_IRQHandler
                0x08000a64                USART3_IRQHandler
                0x08000a64                RTC_IRQHandler
                0x08000a64                EXTI9_IRQHandler
                0x08000a64                UART5_IRQHandler
                0x08000a64                TIM4_IRQHandler
                0x08000a64                I3C2_EV_IRQHandler
                0x08000a64                I2C1_EV_IRQHandler
                0x08000a64                GPDMA1_Channel1_IRQHandler
                0x08000a64                UART4_IRQHandler
                0x08000a64                SecureFault_Handler
                0x08000a64                TIM3_IRQHandler
                0x08000a64                RCC_IRQHandler
                0x08000a64                TIM1_TRG_COM_IRQHandler
                0x08000a64                Default_Handler
                0x08000a64                CEC_IRQHandler
                0x08000a64                GPDMA2_Channel4_IRQHandler
                0x08000a64                TIM12_IRQHandler
                0x08000a64                TIM7_IRQHandler
                0x08000a64                SDMMC1_IRQHandler
                0x08000a64                TIM5_IRQHandler
                0x08000a64                UCPD1_IRQHandler
                0x08000a64                GPDMA1_Channel0_IRQHandler
                0x08000a64                I3C1_EV_IRQHandler
                0x08000a64                TIM15_IRQHandler
                0x08000a64                PVD_AVD_IRQHandler
                0x08000a64                I2C3_EV_IRQHandler
                0x08000a64                ADC2_IRQHandler
                0x08000a64                SPI2_IRQHandler
                0x08000a64                EXTI14_IRQHandler
                0x08000a64                EXTI11_IRQHandler
                0x08000a64                CRS_IRQHandler
                0x08000a64                EXTI4_IRQHandler
                0x08000a64                GPDMA2_Channel0_IRQHandler
                0x08000a64                RTC_S_IRQHandler
                0x08000a64                RNG_IRQHandler
                0x08000a64                FDCAN2_IT1_IRQHandler
                0x08000a64                GPDMA2_Channel6_IRQHandler
                0x08000a64                TIM1_UP_IRQHandler
                0x08000a64                WWDG_IRQHandler
                0x08000a64                FDCAN2_IT0_IRQHandler
                0x08000a64                IWDG_IRQHandler
                0x08000a64                LPUART1_IRQHandler
                0x08000a64                FDCAN1_IT0_IRQHandler
                0x08000a64                TIM2_IRQHandler
                0x08000a64                GPDMA1_Channel4_IRQHandler
                0x08000a64                EXTI7_IRQHandler
                0x08000a64                TIM1_BRK_IRQHandler
                0x08000a64                EXTI1_IRQHandler
                0x08000a64                DAC1_IRQHandler
                0x08000a64                DTS_IRQHandler
                0x08000a64                GTZC_IRQHandler
                0x08000a64                USART2_IRQHandler
                0x08000a64                GPDMA1_Channel6_IRQHandler
                0x08000a64                GPDMA2_Channel7_IRQHandler
                0x08000a64                I2C2_ER_IRQHandler
                0x08000a64                TIM8_BRK_IRQHandler
                0x08000a64                FLASH_IRQHandler
                0x08000a64                USART1_IRQHandler
                0x08000a64                EXTI10_IRQHandler
                0x08000a64                SPI3_IRQHandler
                0x08000a64                I2C1_ER_IRQHandler
                0x08000a64                FMC_IRQHandler
                0x08000a64                EXTI6_IRQHandler
                0x08000a64                LPTIM1_IRQHandler
                0x08000a64                DCMI_PSSI_IRQHandler
                0x08000a64                ICACHE_IRQHandler
                0x08000a64                HASH_IRQHandler
 *fill*         0x08000a66        0x2 
 .text.HAL_Init
                0x08000a68       0x50 ./Drivers/STM32H5xx_HAL_Driver/Src/stm32h5xx_hal.o
                0x08000a68                HAL_Init
 .text.HAL_InitTick
                0x08000ab8       0xec ./Drivers/STM32H5xx_HAL_Driver/Src/stm32h5xx_hal.o
                0x08000ab8                HAL_InitTick
 .text.HAL_IncTick
                0x08000ba4       0x28 ./Drivers/STM32H5xx_HAL_Driver/Src/stm32h5xx_hal.o
                0x08000ba4                HAL_IncTick
 .text.HAL_GetTick
                0x08000bcc       0x18 ./Drivers/STM32H5xx_HAL_Driver/Src/stm32h5xx_hal.o
                0x08000bcc                HAL_GetTick
 .text.__NVIC_SetPriorityGrouping
                0x08000be4       0x48 ./Drivers/STM32H5xx_HAL_Driver/Src/stm32h5xx_hal_cortex.o
 .text.__NVIC_GetPriorityGrouping
                0x08000c2c       0x1c ./Drivers/STM32H5xx_HAL_Driver/Src/stm32h5xx_hal_cortex.o
 .text.__NVIC_SetPriority
                0x08000c48       0x54 ./Drivers/STM32H5xx_HAL_Driver/Src/stm32h5xx_hal_cortex.o
 .text.NVIC_EncodePriority
                0x08000c9c       0x66 ./Drivers/STM32H5xx_HAL_Driver/Src/stm32h5xx_hal_cortex.o
 .text.HAL_NVIC_SetPriorityGrouping
                0x08000d02       0x16 ./Drivers/STM32H5xx_HAL_Driver/Src/stm32h5xx_hal_cortex.o
                0x08000d02                HAL_NVIC_SetPriorityGrouping
 .text.HAL_NVIC_SetPriority
                0x08000d18       0x34 ./Drivers/STM32H5xx_HAL_Driver/Src/stm32h5xx_hal_cortex.o
                0x08000d18                HAL_NVIC_SetPriority
 .text.HAL_SYSTICK_Config
                0x08000d4c       0x44 ./Drivers/STM32H5xx_HAL_Driver/Src/stm32h5xx_hal_cortex.o
                0x08000d4c                HAL_SYSTICK_Config
 .text.HAL_SYSTICK_CLKSourceConfig
                0x08000d90       0xb0 ./Drivers/STM32H5xx_HAL_Driver/Src/stm32h5xx_hal_cortex.o
                0x08000d90                HAL_SYSTICK_CLKSourceConfig
 .text.HAL_SYSTICK_GetCLKSourceConfig
                0x08000e40       0x6c ./Drivers/STM32H5xx_HAL_Driver/Src/stm32h5xx_hal_cortex.o
                0x08000e40                HAL_SYSTICK_GetCLKSourceConfig
 .text.HAL_HASH_Init
                0x08000eac       0x70 ./Drivers/STM32H5xx_HAL_Driver/Src/stm32h5xx_hal_hash.o
                0x08000eac                HAL_HASH_Init
 .text.HAL_HASH_Start
                0x08000f1c      0x18a ./Drivers/STM32H5xx_HAL_Driver/Src/stm32h5xx_hal_hash.o
                0x08000f1c                HAL_HASH_Start
 .text.HASH_WriteData
                0x080010a6      0x112 ./Drivers/STM32H5xx_HAL_Driver/Src/stm32h5xx_hal_hash.o
 .text.HASH_GetDigest
                0x080011b8      0x600 ./Drivers/STM32H5xx_HAL_Driver/Src/stm32h5xx_hal_hash.o
 .text.HASH_WaitOnFlagUntilTimeout
                0x080017b8       0x9e ./Drivers/STM32H5xx_HAL_Driver/Src/stm32h5xx_hal_hash.o
 *fill*         0x08001856        0x2 
 .text.HAL_RCC_OscConfig
                0x08001858      0x870 ./Drivers/STM32H5xx_HAL_Driver/Src/stm32h5xx_hal_rcc.o
                0x08001858                HAL_RCC_OscConfig
 .text.HAL_RCC_ClockConfig
                0x080020c8      0x370 ./Drivers/STM32H5xx_HAL_Driver/Src/stm32h5xx_hal_rcc.o
                0x080020c8                HAL_RCC_ClockConfig
 .text.HAL_RCC_GetSysClockFreq
                0x08002438      0x258 ./Drivers/STM32H5xx_HAL_Driver/Src/stm32h5xx_hal_rcc.o
                0x08002438                HAL_RCC_GetSysClockFreq
 .text.HAL_RCC_GetHCLKFreq
                0x08002690       0x38 ./Drivers/STM32H5xx_HAL_Driver/Src/stm32h5xx_hal_rcc.o
                0x08002690                HAL_RCC_GetHCLKFreq
 .text._vsnprintf_r
                0x080026c8       0x5c C:/ST/STM32CubeIDE_1.19.0/STM32CubeIDE/plugins/com.st.stm32cube.ide.mcu.externaltools.gnu-tools-for-stm32.13.3.rel1.win32_1.0.0.202411081344/tools/bin/../lib/gcc/arm-none-eabi/13.3.1/../../../../arm-none-eabi/lib/thumb/v8-m.main+fp/hard\libc_nano.a(libc_a-vsnprintf.o)
                0x080026c8                _vsniprintf_r
                0x080026c8                _vsnprintf_r
 .text.vsnprintf
                0x08002724       0x1c C:/ST/STM32CubeIDE_1.19.0/STM32CubeIDE/plugins/com.st.stm32cube.ide.mcu.externaltools.gnu-tools-for-stm32.13.3.rel1.win32_1.0.0.202411081344/tools/bin/../lib/gcc/arm-none-eabi/13.3.1/../../../../arm-none-eabi/lib/thumb/v8-m.main+fp/hard\libc_nano.a(libc_a-vsnprintf.o)
                0x08002724                vsniprintf
                0x08002724                vsnprintf
 .text.memset   0x08002740       0x10 C:/ST/STM32CubeIDE_1.19.0/STM32CubeIDE/plugins/com.st.stm32cube.ide.mcu.externaltools.gnu-tools-for-stm32.13.3.rel1.win32_1.0.0.202411081344/tools/bin/../lib/gcc/arm-none-eabi/13.3.1/../../../../arm-none-eabi/lib/thumb/v8-m.main+fp/hard\libc_nano.a(libc_a-memset.o)
                0x08002740                memset
 .text.__errno  0x08002750        0xc C:/ST/STM32CubeIDE_1.19.0/STM32CubeIDE/plugins/com.st.stm32cube.ide.mcu.externaltools.gnu-tools-for-stm32.13.3.rel1.win32_1.0.0.202411081344/tools/bin/../lib/gcc/arm-none-eabi/13.3.1/../../../../arm-none-eabi/lib/thumb/v8-m.main+fp/hard\libc_nano.a(libc_a-errno.o)
                0x08002750                __errno
 .text.__libc_init_array
                0x0800275c       0x48 C:/ST/STM32CubeIDE_1.19.0/STM32CubeIDE/plugins/com.st.stm32cube.ide.mcu.externaltools.gnu-tools-for-stm32.13.3.rel1.win32_1.0.0.202411081344/tools/bin/../lib/gcc/arm-none-eabi/13.3.1/../../../../arm-none-eabi/lib/thumb/v8-m.main+fp/hard\libc_nano.a(libc_a-init.o)
                0x0800275c                __libc_init_array
 .text.__retarget_lock_acquire_recursive
                0x080027a4        0x2 C:/ST/STM32CubeIDE_1.19.0/STM32CubeIDE/plugins/com.st.stm32cube.ide.mcu.externaltools.gnu-tools-for-stm32.13.3.rel1.win32_1.0.0.202411081344/tools/bin/../lib/gcc/arm-none-eabi/13.3.1/../../../../arm-none-eabi/lib/thumb/v8-m.main+fp/hard\libc_nano.a(libc_a-lock.o)
                0x080027a4                __retarget_lock_acquire_recursive
 .text.__retarget_lock_release_recursive
                0x080027a6        0x2 C:/ST/STM32CubeIDE_1.19.0/STM32CubeIDE/plugins/com.st.stm32cube.ide.mcu.externaltools.gnu-tools-for-stm32.13.3.rel1.win32_1.0.0.202411081344/tools/bin/../lib/gcc/arm-none-eabi/13.3.1/../../../../arm-none-eabi/lib/thumb/v8-m.main+fp/hard\libc_nano.a(libc_a-lock.o)
                0x080027a6                __retarget_lock_release_recursive
 .text.memcpy   0x080027a8       0x1a C:/ST/STM32CubeIDE_1.19.0/STM32CubeIDE/plugins/com.st.stm32cube.ide.mcu.externaltools.gnu-tools-for-stm32.13.3.rel1.win32_1.0.0.202411081344/tools/bin/../lib/gcc/arm-none-eabi/13.3.1/../../../../arm-none-eabi/lib/thumb/v8-m.main+fp/hard\libc_nano.a(libc_a-memcpy-stub.o)
                0x080027a8                memcpy
 *fill*         0x080027c2        0x2 
 .text._free_r  0x080027c4       0x94 C:/ST/STM32CubeIDE_1.19.0/STM32CubeIDE/plugins/com.st.stm32cube.ide.mcu.externaltools.gnu-tools-for-stm32.13.3.rel1.win32_1.0.0.202411081344/tools/bin/../lib/gcc/arm-none-eabi/13.3.1/../../../../arm-none-eabi/lib/thumb/v8-m.main+fp/hard\libc_nano.a(libc_a-freer.o)
                0x080027c4                _free_r
 .text.sbrk_aligned
                0x08002858       0x44 C:/ST/STM32CubeIDE_1.19.0/STM32CubeIDE/plugins/com.st.stm32cube.ide.mcu.externaltools.gnu-tools-for-stm32.13.3.rel1.win32_1.0.0.202411081344/tools/bin/../lib/gcc/arm-none-eabi/13.3.1/../../../../arm-none-eabi/lib/thumb/v8-m.main+fp/hard\libc_nano.a(libc_a-mallocr.o)
 .text._malloc_r
                0x0800289c      0x100 C:/ST/STM32CubeIDE_1.19.0/STM32CubeIDE/plugins/com.st.stm32cube.ide.mcu.externaltools.gnu-tools-for-stm32.13.3.rel1.win32_1.0.0.202411081344/tools/bin/../lib/gcc/arm-none-eabi/13.3.1/../../../../arm-none-eabi/lib/thumb/v8-m.main+fp/hard\libc_nano.a(libc_a-mallocr.o)
                0x0800289c                _malloc_r
 .text.__malloc_lock
                0x0800299c        0xc C:/ST/STM32CubeIDE_1.19.0/STM32CubeIDE/plugins/com.st.stm32cube.ide.mcu.externaltools.gnu-tools-for-stm32.13.3.rel1.win32_1.0.0.202411081344/tools/bin/../lib/gcc/arm-none-eabi/13.3.1/../../../../arm-none-eabi/lib/thumb/v8-m.main+fp/hard\libc_nano.a(libc_a-mlock.o)
                0x0800299c                __malloc_lock
 .text.__malloc_unlock
                0x080029a8        0xc C:/ST/STM32CubeIDE_1.19.0/STM32CubeIDE/plugins/com.st.stm32cube.ide.mcu.externaltools.gnu-tools-for-stm32.13.3.rel1.win32_1.0.0.202411081344/tools/bin/../lib/gcc/arm-none-eabi/13.3.1/../../../../arm-none-eabi/lib/thumb/v8-m.main+fp/hard\libc_nano.a(libc_a-mlock.o)
                0x080029a8                __malloc_unlock
 .text.__ssputs_r
                0x080029b4       0xb6 C:/ST/STM32CubeIDE_1.19.0/STM32CubeIDE/plugins/com.st.stm32cube.ide.mcu.externaltools.gnu-tools-for-stm32.13.3.rel1.win32_1.0.0.202411081344/tools/bin/../lib/gcc/arm-none-eabi/13.3.1/../../../../arm-none-eabi/lib/thumb/v8-m.main+fp/hard\libc_nano.a(libc_a-nano-svfprintf.o)
                0x080029b4                __ssputs_r
 *fill*         0x08002a6a        0x2 
 .text._svfprintf_r
                0x08002a6c      0x1f8 C:/ST/STM32CubeIDE_1.19.0/STM32CubeIDE/plugins/com.st.stm32cube.ide.mcu.externaltools.gnu-tools-for-stm32.13.3.rel1.win32_1.0.0.202411081344/tools/bin/../lib/gcc/arm-none-eabi/13.3.1/../../../../arm-none-eabi/lib/thumb/v8-m.main+fp/hard\libc_nano.a(libc_a-nano-svfprintf.o)
                0x08002a6c                _svfiprintf_r
                0x08002a6c                _svfprintf_r
 .text._printf_common
                0x08002c64       0xe4 C:/ST/STM32CubeIDE_1.19.0/STM32CubeIDE/plugins/com.st.stm32cube.ide.mcu.externaltools.gnu-tools-for-stm32.13.3.rel1.win32_1.0.0.202411081344/tools/bin/../lib/gcc/arm-none-eabi/13.3.1/../../../../arm-none-eabi/lib/thumb/v8-m.main+fp/hard\libc_nano.a(libc_a-nano-vfprintf_i.o)
                0x08002c64                _printf_common
 .text._printf_i
                0x08002d48      0x23c C:/ST/STM32CubeIDE_1.19.0/STM32CubeIDE/plugins/com.st.stm32cube.ide.mcu.externaltools.gnu-tools-for-stm32.13.3.rel1.win32_1.0.0.202411081344/tools/bin/../lib/gcc/arm-none-eabi/13.3.1/../../../../arm-none-eabi/lib/thumb/v8-m.main+fp/hard\libc_nano.a(libc_a-nano-vfprintf_i.o)
                0x08002d48                _printf_i
 .text.memmove  0x08002f84       0x34 C:/ST/STM32CubeIDE_1.19.0/STM32CubeIDE/plugins/com.st.stm32cube.ide.mcu.externaltools.gnu-tools-for-stm32.13.3.rel1.win32_1.0.0.202411081344/tools/bin/../lib/gcc/arm-none-eabi/13.3.1/../../../../arm-none-eabi/lib/thumb/v8-m.main+fp/hard\libc_nano.a(libc_a-memmove.o)
                0x08002f84                memmove
 .text._sbrk_r  0x08002fb8       0x20 C:/ST/STM32CubeIDE_1.19.0/STM32CubeIDE/plugins/com.st.stm32cube.ide.mcu.externaltools.gnu-tools-for-stm32.13.3.rel1.win32_1.0.0.202411081344/tools/bin/../lib/gcc/arm-none-eabi/13.3.1/../../../../arm-none-eabi/lib/thumb/v8-m.main+fp/hard\libc_nano.a(libc_a-sbrkr.o)
                0x08002fb8                _sbrk_r
 .text.memchr   0x08002fd8       0x1c C:/ST/STM32CubeIDE_1.19.0/STM32CubeIDE/plugins/com.st.stm32cube.ide.mcu.externaltools.gnu-tools-for-stm32.13.3.rel1.win32_1.0.0.202411081344/tools/bin/../lib/gcc/arm-none-eabi/13.3.1/../../../../arm-none-eabi/lib/thumb/v8-m.main+fp/hard\libc_nano.a(libc_a-memchr-stub.o)
                0x08002fd8                memchr
 .text._realloc_r
                0x08002ff4       0x5c C:/ST/STM32CubeIDE_1.19.0/STM32CubeIDE/plugins/com.st.stm32cube.ide.mcu.externaltools.gnu-tools-for-stm32.13.3.rel1.win32_1.0.0.202411081344/tools/bin/../lib/gcc/arm-none-eabi/13.3.1/../../../../arm-none-eabi/lib/thumb/v8-m.main+fp/hard\libc_nano.a(libc_a-reallocr.o)
                0x08002ff4                _realloc_r
 .text._malloc_usable_size_r
                0x08003050       0x10 C:/ST/STM32CubeIDE_1.19.0/STM32CubeIDE/plugins/com.st.stm32cube.ide.mcu.externaltools.gnu-tools-for-stm32.13.3.rel1.win32_1.0.0.202411081344/tools/bin/../lib/gcc/arm-none-eabi/13.3.1/../../../../arm-none-eabi/lib/thumb/v8-m.main+fp/hard\libc_nano.a(libc_a-msizer.o)
                0x08003050                _malloc_usable_size_r
 *(.glue_7)
 .glue_7        0x08003060        0x0 linker stubs
 *(.glue_7t)
 .glue_7t       0x08003060        0x0 linker stubs
 *(.eh_frame)
 .eh_frame      0x08003060        0x0 C:/ST/STM32CubeIDE_1.19.0/STM32CubeIDE/plugins/com.st.stm32cube.ide.mcu.externaltools.gnu-tools-for-stm32.13.3.rel1.win32_1.0.0.202411081344/tools/bin/../lib/gcc/arm-none-eabi/13.3.1/thumb/v8-m.main+fp/hard/crtbegin.o
 *(.init)
 .init          0x08003060        0x4 C:/ST/STM32CubeIDE_1.19.0/STM32CubeIDE/plugins/com.st.stm32cube.ide.mcu.externaltools.gnu-tools-for-stm32.13.3.rel1.win32_1.0.0.202411081344/tools/bin/../lib/gcc/arm-none-eabi/13.3.1/thumb/v8-m.main+fp/hard/crti.o
                0x08003060                _init
 .init          0x08003064        0x8 C:/ST/STM32CubeIDE_1.19.0/STM32CubeIDE/plugins/com.st.stm32cube.ide.mcu.externaltools.gnu-tools-for-stm32.13.3.rel1.win32_1.0.0.202411081344/tools/bin/../lib/gcc/arm-none-eabi/13.3.1/thumb/v8-m.main+fp/hard/crtn.o
 *(.fini)
 .fini          0x0800306c        0x4 C:/ST/STM32CubeIDE_1.19.0/STM32CubeIDE/plugins/com.st.stm32cube.ide.mcu.externaltools.gnu-tools-for-stm32.13.3.rel1.win32_1.0.0.202411081344/tools/bin/../lib/gcc/arm-none-eabi/13.3.1/thumb/v8-m.main+fp/hard/crti.o
                0x0800306c                _fini
 .fini          0x08003070        0x8 C:/ST/STM32CubeIDE_1.19.0/STM32CubeIDE/plugins/com.st.stm32cube.ide.mcu.externaltools.gnu-tools-for-stm32.13.3.rel1.win32_1.0.0.202411081344/tools/bin/../lib/gcc/arm-none-eabi/13.3.1/thumb/v8-m.main+fp/hard/crtn.o
                0x08003078                        . = ALIGN (0x4)
                0x08003078                        _etext = .

.vfp11_veneer   0x08003078        0x0
 .vfp11_veneer  0x08003078        0x0 linker stubs

.v4_bx          0x08003078        0x0
 .v4_bx         0x08003078        0x0 linker stubs

.iplt           0x08003078        0x0
 .iplt          0x08003078        0x0 C:/ST/STM32CubeIDE_1.19.0/STM32CubeIDE/plugins/com.st.stm32cube.ide.mcu.externaltools.gnu-tools-for-stm32.13.3.rel1.win32_1.0.0.202411081344/tools/bin/../lib/gcc/arm-none-eabi/13.3.1/thumb/v8-m.main+fp/hard/crtbegin.o

.rodata         0x08003078       0x84
                0x08003078                        . = ALIGN (0x4)
 *(.rodata)
 .rodata        0x08003078        0x9 ./Core/Src/SEGGER_RTT.o
 *fill*         0x08003081        0x3 
 .rodata        0x08003084        0x3 ./Core/Src/log.o
 *fill*         0x08003087        0x1 
 .rodata        0x08003088       0x19 ./Core/Src/main.o
 *(.rodata*)
 *fill*         0x080030a1        0x3 
 .rodata._aInitStr.0
                0x080030a4       0x11 ./Core/Src/SEGGER_RTT.o
 *fill*         0x080030b5        0x3 
 .rodata.AHBPrescTable
                0x080030b8       0x10 ./Core/Src/system_stm32h5xx.o
                0x080030b8                AHBPrescTable
 .rodata._svfprintf_r.str1.1
                0x080030c8       0x33 C:/ST/STM32CubeIDE_1.19.0/STM32CubeIDE/plugins/com.st.stm32cube.ide.mcu.externaltools.gnu-tools-for-stm32.13.3.rel1.win32_1.0.0.202411081344/tools/bin/../lib/gcc/arm-none-eabi/13.3.1/../../../../arm-none-eabi/lib/thumb/v8-m.main+fp/hard\libc_nano.a(libc_a-nano-svfprintf.o)
                                 0x11 (size before relaxing)
 .rodata._printf_i.str1.1
                0x080030fb       0x22 C:/ST/STM32CubeIDE_1.19.0/STM32CubeIDE/plugins/com.st.stm32cube.ide.mcu.externaltools.gnu-tools-for-stm32.13.3.rel1.win32_1.0.0.202411081344/tools/bin/../lib/gcc/arm-none-eabi/13.3.1/../../../../arm-none-eabi/lib/thumb/v8-m.main+fp/hard\libc_nano.a(libc_a-nano-vfprintf_i.o)
                0x08003120                        . = ALIGN (0x4)
 *fill*         0x080030fb        0x1 

.ARM.extab      0x080030fc        0x0
                0x080030fc                        . = ALIGN (0x4)
 *(.ARM.extab* .gnu.linkonce.armextab.*)
                0x080030fc                        . = ALIGN (0x4)

.ARM            0x080030fc        0x8
                0x080030fc                        . = ALIGN (0x4)
                0x080030fc                        __exidx_start = .
 *(.ARM.exidx*)
 .ARM.exidx     0x080030fc        0x8 C:/ST/STM32CubeIDE_1.19.0/STM32CubeIDE/plugins/com.st.stm32cube.ide.mcu.externaltools.gnu-tools-for-stm32.13.3.rel1.win32_1.0.0.202411081344/tools/bin/../lib/gcc/arm-none-eabi/13.3.1/../../../../arm-none-eabi/lib/thumb/v8-m.main+fp/hard\libc_nano.a(libc_a-strlen.o)
                0x08003104                        __exidx_end = .
                0x08003104                        . = ALIGN (0x4)

.preinit_array  0x08003104        0x0
                0x08003104                        . = ALIGN (0x4)
                0x08003104                        PROVIDE (__preinit_array_start = .)
 *(.preinit_array*)
                0x08003104                        PROVIDE (__preinit_array_end = .)
                0x08003104                        . = ALIGN (0x4)

.init_array     0x08003104        0x4
                0x08003104                        . = ALIGN (0x4)
                0x08003104                        PROVIDE (__init_array_start = .)
 *(SORT_BY_NAME(.init_array.*))
 *(.init_array*)
 .init_array    0x08003104        0x4 C:/ST/STM32CubeIDE_1.19.0/STM32CubeIDE/plugins/com.st.stm32cube.ide.mcu.externaltools.gnu-tools-for-stm32.13.3.rel1.win32_1.0.0.202411081344/tools/bin/../lib/gcc/arm-none-eabi/13.3.1/thumb/v8-m.main+fp/hard/crtbegin.o
                0x08003108                        PROVIDE (__init_array_end = .)
                0x08003108                        . = ALIGN (0x4)

.fini_array     0x08003108        0x4
                0x08003108                        . = ALIGN (0x4)
                [!provide]                        PROVIDE (__fini_array_start = .)
 *(SORT_BY_NAME(.fini_array.*))
 *(.fini_array*)
 .fini_array    0x08003108        0x4 C:/ST/STM32CubeIDE_1.19.0/STM32CubeIDE/plugins/com.st.stm32cube.ide.mcu.externaltools.gnu-tools-for-stm32.13.3.rel1.win32_1.0.0.202411081344/tools/bin/../lib/gcc/arm-none-eabi/13.3.1/thumb/v8-m.main+fp/hard/crtbegin.o
                [!provide]                        PROVIDE (__fini_array_end = .)
                0x0800310c                        . = ALIGN (0x4)
                0x0800310c                        _sidata = LOADADDR (.data)

.rel.dyn        0x0800310c        0x0
 .rel.iplt      0x0800310c        0x0 C:/ST/STM32CubeIDE_1.19.0/STM32CubeIDE/plugins/com.st.stm32cube.ide.mcu.externaltools.gnu-tools-for-stm32.13.3.rel1.win32_1.0.0.202411081344/tools/bin/../lib/gcc/arm-none-eabi/13.3.1/thumb/v8-m.main+fp/hard/crtbegin.o

.data           0x20000000       0x6c load address 0x0800310c
                0x20000000                        . = ALIGN (0x4)
                0x20000000                        _sdata = .
 *(.data)
 *(.data*)
 .data.data     0x20000000       0x10 ./Core/Src/main.o
                0x20000000                data
 .data.SystemCoreClock
                0x20000010        0x4 ./Core/Src/system_stm32h5xx.o
                0x20000010                SystemCoreClock
 .data.uwTickPrio
                0x20000014        0x4 ./Drivers/STM32H5xx_HAL_Driver/Src/stm32h5xx_hal.o
                0x20000014                uwTickPrio
 .data.uwTickFreq
                0x20000018        0x1 ./Drivers/STM32H5xx_HAL_Driver/Src/stm32h5xx_hal.o
                0x20000018                uwTickFreq
 *fill*         0x20000019        0x3 
 .data._impure_ptr
                0x2000001c        0x4 C:/ST/STM32CubeIDE_1.19.0/STM32CubeIDE/plugins/com.st.stm32cube.ide.mcu.externaltools.gnu-tools-for-stm32.13.3.rel1.win32_1.0.0.202411081344/tools/bin/../lib/gcc/arm-none-eabi/13.3.1/../../../../arm-none-eabi/lib/thumb/v8-m.main+fp/hard\libc_nano.a(libc_a-impure.o)
                0x2000001c                _impure_ptr
 .data._impure_data
                0x20000020       0x4c C:/ST/STM32CubeIDE_1.19.0/STM32CubeIDE/plugins/com.st.stm32cube.ide.mcu.externaltools.gnu-tools-for-stm32.13.3.rel1.win32_1.0.0.202411081344/tools/bin/../lib/gcc/arm-none-eabi/13.3.1/../../../../arm-none-eabi/lib/thumb/v8-m.main+fp/hard\libc_nano.a(libc_a-impure.o)
                0x20000020                _impure_data
 *(.RamFunc)
 *(.RamFunc*)
                0x2000006c                        . = ALIGN (0x4)
                0x2000006c                        _edata = .

.igot.plt       0x2000006c        0x0 load address 0x08003178
 .igot.plt      0x2000006c        0x0 C:/ST/STM32CubeIDE_1.19.0/STM32CubeIDE/plugins/com.st.stm32cube.ide.mcu.externaltools.gnu-tools-for-stm32.13.3.rel1.win32_1.0.0.202411081344/tools/bin/../lib/gcc/arm-none-eabi/13.3.1/thumb/v8-m.main+fp/hard/crtbegin.o
                0x2000006c                        . = ALIGN (0x4)

.bss            0x2000006c      0x684 load address 0x08003178
                0x2000006c                        _sbss = .
                0x2000006c                        __bss_start__ = _sbss
 *(.bss)
 .bss           0x2000006c       0x1c C:/ST/STM32CubeIDE_1.19.0/STM32CubeIDE/plugins/com.st.stm32cube.ide.mcu.externaltools.gnu-tools-for-stm32.13.3.rel1.win32_1.0.0.202411081344/tools/bin/../lib/gcc/arm-none-eabi/13.3.1/thumb/v8-m.main+fp/hard/crtbegin.o
 *(.bss*)
 .bss._SEGGER_RTT
                0x20000088       0xa8 ./Core/Src/SEGGER_RTT.o
                0x20000088                _SEGGER_RTT
 .bss._acUpBuffer
                0x20000130      0x400 ./Core/Src/SEGGER_RTT.o
 .bss._acDownBuffer
                0x20000530       0x10 ./Core/Src/SEGGER_RTT.o
 .bss.digest    0x20000540       0x20 ./Core/Src/main.o
                0x20000540                digest
 .bss.hhash     0x20000560       0x40 ./Core/Src/main.o
                0x20000560                hhash
 .bss.__sbrk_heap_end
                0x200005a0        0x4 ./Core/Src/sysmem.o
 .bss.uwTick    0x200005a4        0x4 ./Drivers/STM32H5xx_HAL_Driver/Src/stm32h5xx_hal.o
                0x200005a4                uwTick
 .bss.__sf      0x200005a8      0x138 C:/ST/STM32CubeIDE_1.19.0/STM32CubeIDE/plugins/com.st.stm32cube.ide.mcu.externaltools.gnu-tools-for-stm32.13.3.rel1.win32_1.0.0.202411081344/tools/bin/../lib/gcc/arm-none-eabi/13.3.1/../../../../arm-none-eabi/lib/thumb/v8-m.main+fp/hard\libc_nano.a(libc_a-findfp.o)
                0x200005a8                __sf
 .bss.errno     0x200006e0        0x4 C:/ST/STM32CubeIDE_1.19.0/STM32CubeIDE/plugins/com.st.stm32cube.ide.mcu.externaltools.gnu-tools-for-stm32.13.3.rel1.win32_1.0.0.202411081344/tools/bin/../lib/gcc/arm-none-eabi/13.3.1/../../../../arm-none-eabi/lib/thumb/v8-m.main+fp/hard\libc_nano.a(libc_a-reent.o)
                0x200006e0                errno
 .bss.__lock___malloc_recursive_mutex
                0x200006e4        0x1 C:/ST/STM32CubeIDE_1.19.0/STM32CubeIDE/plugins/com.st.stm32cube.ide.mcu.externaltools.gnu-tools-for-stm32.13.3.rel1.win32_1.0.0.202411081344/tools/bin/../lib/gcc/arm-none-eabi/13.3.1/../../../../arm-none-eabi/lib/thumb/v8-m.main+fp/hard\libc_nano.a(libc_a-lock.o)
                0x200006e4                __lock___malloc_recursive_mutex
 *fill*         0x200006e5        0x3 
 .bss.__malloc_sbrk_start
                0x200006e8        0x4 C:/ST/STM32CubeIDE_1.19.0/STM32CubeIDE/plugins/com.st.stm32cube.ide.mcu.externaltools.gnu-tools-for-stm32.13.3.rel1.win32_1.0.0.202411081344/tools/bin/../lib/gcc/arm-none-eabi/13.3.1/../../../../arm-none-eabi/lib/thumb/v8-m.main+fp/hard\libc_nano.a(libc_a-mallocr.o)
                0x200006e8                __malloc_sbrk_start
 .bss.__malloc_free_list
                0x200006ec        0x4 C:/ST/STM32CubeIDE_1.19.0/STM32CubeIDE/plugins/com.st.stm32cube.ide.mcu.externaltools.gnu-tools-for-stm32.13.3.rel1.win32_1.0.0.202411081344/tools/bin/../lib/gcc/arm-none-eabi/13.3.1/../../../../arm-none-eabi/lib/thumb/v8-m.main+fp/hard\libc_nano.a(libc_a-mallocr.o)
                0x200006ec                __malloc_free_list
 *(COMMON)
                0x200006f0                        . = ALIGN (0x4)
                0x200006f0                        _ebss = .
                0x200006f0                        __bss_end__ = _ebss

._user_heap_stack
                0x200006f0      0x600 load address 0x08003178
                0x200006f0                        . = ALIGN (0x8)
                [!provide]                        PROVIDE (end = .)
                0x200006f0                        PROVIDE (_end = .)
                0x200008f0                        . = (. + _Min_Heap_Size)
 *fill*         0x200006f0      0x200 
                0x20000cf0                        . = (. + _Min_Stack_Size)
 *fill*         0x200008f0      0x400 
                0x20000cf0                        . = ALIGN (0x8)

/DISCARD/
 libc.a(*)
 libm.a(*)
 libgcc.a(*)

.ARM.attributes
                0x00000000       0x36
 *(.ARM.attributes)
 .ARM.attributes
                0x00000000       0x26 C:/ST/STM32CubeIDE_1.19.0/STM32CubeIDE/plugins/com.st.stm32cube.ide.mcu.externaltools.gnu-tools-for-stm32.13.3.rel1.win32_1.0.0.202411081344/tools/bin/../lib/gcc/arm-none-eabi/13.3.1/thumb/v8-m.main+fp/hard/crti.o
 .ARM.attributes
                0x00000026       0x38 C:/ST/STM32CubeIDE_1.19.0/STM32CubeIDE/plugins/com.st.stm32cube.ide.mcu.externaltools.gnu-tools-for-stm32.13.3.rel1.win32_1.0.0.202411081344/tools/bin/../lib/gcc/arm-none-eabi/13.3.1/thumb/v8-m.main+fp/hard/crtbegin.o
 .ARM.attributes
                0x0000005e       0x3a ./Core/Src/SEGGER_RTT.o
 .ARM.attributes
                0x00000098       0x3a ./Core/Src/log.o
 .ARM.attributes
                0x000000d2       0x3a ./Core/Src/main.o
 .ARM.attributes
                0x0000010c       0x3a ./Core/Src/stm32h5xx_hal_msp.o
 .ARM.attributes
                0x00000146       0x3a ./Core/Src/stm32h5xx_it.o
 .ARM.attributes
                0x00000180       0x3a ./Core/Src/sysmem.o
 .ARM.attributes
                0x000001ba       0x3a ./Core/Src/system_stm32h5xx.o
 .ARM.attributes
                0x000001f4       0x24 ./Core/Startup/startup_stm32h523cetx.o
 .ARM.attributes
                0x00000218       0x3a ./Drivers/STM32H5xx_HAL_Driver/Src/stm32h5xx_hal.o
 .ARM.attributes
                0x00000252       0x3a ./Drivers/STM32H5xx_HAL_Driver/Src/stm32h5xx_hal_cortex.o
 .ARM.attributes
                0x0000028c       0x3a ./Drivers/STM32H5xx_HAL_Driver/Src/stm32h5xx_hal_hash.o
 .ARM.attributes
                0x000002c6       0x3a ./Drivers/STM32H5xx_HAL_Driver/Src/stm32h5xx_hal_rcc.o
 .ARM.attributes
                0x00000300       0x38 C:/ST/STM32CubeIDE_1.19.0/STM32CubeIDE/plugins/com.st.stm32cube.ide.mcu.externaltools.gnu-tools-for-stm32.13.3.rel1.win32_1.0.0.202411081344/tools/bin/../lib/gcc/arm-none-eabi/13.3.1/../../../../arm-none-eabi/lib/thumb/v8-m.main+fp/hard\libc_nano.a(libc_a-findfp.o)
 .ARM.attributes
                0x00000338       0x38 C:/ST/STM32CubeIDE_1.19.0/STM32CubeIDE/plugins/com.st.stm32cube.ide.mcu.externaltools.gnu-tools-for-stm32.13.3.rel1.win32_1.0.0.202411081344/tools/bin/../lib/gcc/arm-none-eabi/13.3.1/../../../../arm-none-eabi/lib/thumb/v8-m.main+fp/hard\libc_nano.a(libc_a-vsnprintf.o)
 .ARM.attributes
                0x00000370       0x38 C:/ST/STM32CubeIDE_1.19.0/STM32CubeIDE/plugins/com.st.stm32cube.ide.mcu.externaltools.gnu-tools-for-stm32.13.3.rel1.win32_1.0.0.202411081344/tools/bin/../lib/gcc/arm-none-eabi/13.3.1/../../../../arm-none-eabi/lib/thumb/v8-m.main+fp/hard\libc_nano.a(libc_a-memset.o)
 .ARM.attributes
                0x000003a8       0x38 C:/ST/STM32CubeIDE_1.19.0/STM32CubeIDE/plugins/com.st.stm32cube.ide.mcu.externaltools.gnu-tools-for-stm32.13.3.rel1.win32_1.0.0.202411081344/tools/bin/../lib/gcc/arm-none-eabi/13.3.1/../../../../arm-none-eabi/lib/thumb/v8-m.main+fp/hard\libc_nano.a(libc_a-reent.o)
 .ARM.attributes
                0x000003e0       0x38 C:/ST/STM32CubeIDE_1.19.0/STM32CubeIDE/plugins/com.st.stm32cube.ide.mcu.externaltools.gnu-tools-for-stm32.13.3.rel1.win32_1.0.0.202411081344/tools/bin/../lib/gcc/arm-none-eabi/13.3.1/../../../../arm-none-eabi/lib/thumb/v8-m.main+fp/hard\libc_nano.a(libc_a-impure.o)
 .ARM.attributes
                0x00000418       0x38 C:/ST/STM32CubeIDE_1.19.0/STM32CubeIDE/plugins/com.st.stm32cube.ide.mcu.externaltools.gnu-tools-for-stm32.13.3.rel1.win32_1.0.0.202411081344/tools/bin/../lib/gcc/arm-none-eabi/13.3.1/../../../../arm-none-eabi/lib/thumb/v8-m.main+fp/hard\libc_nano.a(libc_a-errno.o)
 .ARM.attributes
                0x00000450       0x38 C:/ST/STM32CubeIDE_1.19.0/STM32CubeIDE/plugins/com.st.stm32cube.ide.mcu.externaltools.gnu-tools-for-stm32.13.3.rel1.win32_1.0.0.202411081344/tools/bin/../lib/gcc/arm-none-eabi/13.3.1/../../../../arm-none-eabi/lib/thumb/v8-m.main+fp/hard\libc_nano.a(libc_a-init.o)
 .ARM.attributes
                0x00000488       0x38 C:/ST/STM32CubeIDE_1.19.0/STM32CubeIDE/plugins/com.st.stm32cube.ide.mcu.externaltools.gnu-tools-for-stm32.13.3.rel1.win32_1.0.0.202411081344/tools/bin/../lib/gcc/arm-none-eabi/13.3.1/../../../../arm-none-eabi/lib/thumb/v8-m.main+fp/hard\libc_nano.a(libc_a-lock.o)
 .ARM.attributes
                0x000004c0       0x38 C:/ST/STM32CubeIDE_1.19.0/STM32CubeIDE/plugins/com.st.stm32cube.ide.mcu.externaltools.gnu-tools-for-stm32.13.3.rel1.win32_1.0.0.202411081344/tools/bin/../lib/gcc/arm-none-eabi/13.3.1/../../../../arm-none-eabi/lib/thumb/v8-m.main+fp/hard\libc_nano.a(libc_a-memcpy-stub.o)
 .ARM.attributes
                0x000004f8       0x24 C:/ST/STM32CubeIDE_1.19.0/STM32CubeIDE/plugins/com.st.stm32cube.ide.mcu.externaltools.gnu-tools-for-stm32.13.3.rel1.win32_1.0.0.202411081344/tools/bin/../lib/gcc/arm-none-eabi/13.3.1/../../../../arm-none-eabi/lib/thumb/v8-m.main+fp/hard\libc_nano.a(libc_a-strlen.o)
 .ARM.attributes
                0x0000051c       0x38 C:/ST/STM32CubeIDE_1.19.0/STM32CubeIDE/plugins/com.st.stm32cube.ide.mcu.externaltools.gnu-tools-for-stm32.13.3.rel1.win32_1.0.0.202411081344/tools/bin/../lib/gcc/arm-none-eabi/13.3.1/../../../../arm-none-eabi/lib/thumb/v8-m.main+fp/hard\libc_nano.a(libc_a-freer.o)
 .ARM.attributes
                0x00000554       0x38 C:/ST/STM32CubeIDE_1.19.0/STM32CubeIDE/plugins/com.st.stm32cube.ide.mcu.externaltools.gnu-tools-for-stm32.13.3.rel1.win32_1.0.0.202411081344/tools/bin/../lib/gcc/arm-none-eabi/13.3.1/../../../../arm-none-eabi/lib/thumb/v8-m.main+fp/hard\libc_nano.a(libc_a-mallocr.o)
 .ARM.attributes
                0x0000058c       0x38 C:/ST/STM32CubeIDE_1.19.0/STM32CubeIDE/plugins/com.st.stm32cube.ide.mcu.externaltools.gnu-tools-for-stm32.13.3.rel1.win32_1.0.0.202411081344/tools/bin/../lib/gcc/arm-none-eabi/13.3.1/../../../../arm-none-eabi/lib/thumb/v8-m.main+fp/hard\libc_nano.a(libc_a-mlock.o)
 .ARM.attributes
                0x000005c4       0x38 C:/ST/STM32CubeIDE_1.19.0/STM32CubeIDE/plugins/com.st.stm32cube.ide.mcu.externaltools.gnu-tools-for-stm32.13.3.rel1.win32_1.0.0.202411081344/tools/bin/../lib/gcc/arm-none-eabi/13.3.1/../../../../arm-none-eabi/lib/thumb/v8-m.main+fp/hard\libc_nano.a(libc_a-nano-svfprintf.o)
 .ARM.attributes
                0x000005fc       0x38 C:/ST/STM32CubeIDE_1.19.0/STM32CubeIDE/plugins/com.st.stm32cube.ide.mcu.externaltools.gnu-tools-for-stm32.13.3.rel1.win32_1.0.0.202411081344/tools/bin/../lib/gcc/arm-none-eabi/13.3.1/../../../../arm-none-eabi/lib/thumb/v8-m.main+fp/hard\libc_nano.a(libc_a-nano-vfprintf_i.o)
 .ARM.attributes
                0x00000634       0x38 C:/ST/STM32CubeIDE_1.19.0/STM32CubeIDE/plugins/com.st.stm32cube.ide.mcu.externaltools.gnu-tools-for-stm32.13.3.rel1.win32_1.0.0.202411081344/tools/bin/../lib/gcc/arm-none-eabi/13.3.1/../../../../arm-none-eabi/lib/thumb/v8-m.main+fp/hard\libc_nano.a(libc_a-memmove.o)
 .ARM.attributes
                0x0000066c       0x38 C:/ST/STM32CubeIDE_1.19.0/STM32CubeIDE/plugins/com.st.stm32cube.ide.mcu.externaltools.gnu-tools-for-stm32.13.3.rel1.win32_1.0.0.202411081344/tools/bin/../lib/gcc/arm-none-eabi/13.3.1/../../../../arm-none-eabi/lib/thumb/v8-m.main+fp/hard\libc_nano.a(libc_a-sbrkr.o)
 .ARM.attributes
                0x000006a4       0x38 C:/ST/STM32CubeIDE_1.19.0/STM32CubeIDE/plugins/com.st.stm32cube.ide.mcu.externaltools.gnu-tools-for-stm32.13.3.rel1.win32_1.0.0.202411081344/tools/bin/../lib/gcc/arm-none-eabi/13.3.1/../../../../arm-none-eabi/lib/thumb/v8-m.main+fp/hard\libc_nano.a(libc_a-memchr-stub.o)
 .ARM.attributes
                0x000006dc       0x38 C:/ST/STM32CubeIDE_1.19.0/STM32CubeIDE/plugins/com.st.stm32cube.ide.mcu.externaltools.gnu-tools-for-stm32.13.3.rel1.win32_1.0.0.202411081344/tools/bin/../lib/gcc/arm-none-eabi/13.3.1/../../../../arm-none-eabi/lib/thumb/v8-m.main+fp/hard\libc_nano.a(libc_a-reallocr.o)
 .ARM.attributes
                0x00000714       0x38 C:/ST/STM32CubeIDE_1.19.0/STM32CubeIDE/plugins/com.st.stm32cube.ide.mcu.externaltools.gnu-tools-for-stm32.13.3.rel1.win32_1.0.0.202411081344/tools/bin/../lib/gcc/arm-none-eabi/13.3.1/../../../../arm-none-eabi/lib/thumb/v8-m.main+fp/hard\libc_nano.a(libc_a-msizer.o)
 .ARM.attributes
                0x0000074c       0x26 C:/ST/STM32CubeIDE_1.19.0/STM32CubeIDE/plugins/com.st.stm32cube.ide.mcu.externaltools.gnu-tools-for-stm32.13.3.rel1.win32_1.0.0.202411081344/tools/bin/../lib/gcc/arm-none-eabi/13.3.1/thumb/v8-m.main+fp/hard/crtn.o
OUTPUT(Secure_Bootloader.elf elf32-littlearm)
LOAD linker stubs
LOAD C:/ST/STM32CubeIDE_1.19.0/STM32CubeIDE/plugins/com.st.stm32cube.ide.mcu.externaltools.gnu-tools-for-stm32.13.3.rel1.win32_1.0.0.202411081344/tools/bin/../lib/gcc/arm-none-eabi/13.3.1/../../../../arm-none-eabi/lib/thumb/v8-m.main+fp/hard\libc.a
LOAD C:/ST/STM32CubeIDE_1.19.0/STM32CubeIDE/plugins/com.st.stm32cube.ide.mcu.externaltools.gnu-tools-for-stm32.13.3.rel1.win32_1.0.0.202411081344/tools/bin/../lib/gcc/arm-none-eabi/13.3.1/../../../../arm-none-eabi/lib/thumb/v8-m.main+fp/hard\libm.a
LOAD C:/ST/STM32CubeIDE_1.19.0/STM32CubeIDE/plugins/com.st.stm32cube.ide.mcu.externaltools.gnu-tools-for-stm32.13.3.rel1.win32_1.0.0.202411081344/tools/bin/../lib/gcc/arm-none-eabi/13.3.1/thumb/v8-m.main+fp/hard\libgcc.a

.debug_info     0x00000000     0x9138
 .debug_info    0x00000000     0x14d5 ./Core/Src/SEGGER_RTT.o
 .debug_info    0x000014d5      0x1c1 ./Core/Src/log.o
 .debug_info    0x00001696      0xf7e ./Core/Src/main.o
 .debug_info    0x00002614      0xaba ./Core/Src/stm32h5xx_hal_msp.o
 .debug_info    0x000030ce      0x128 ./Core/Src/stm32h5xx_it.o
 .debug_info    0x000031f6      0x168 ./Core/Src/sysmem.o
 .debug_info    0x0000335e      0xce0 ./Core/Src/system_stm32h5xx.o
 .debug_info    0x0000403e       0x30 ./Core/Startup/startup_stm32h523cetx.o
 .debug_info    0x0000406e     0x12f0 ./Drivers/STM32H5xx_HAL_Driver/Src/stm32h5xx_hal.o
 .debug_info    0x0000535e     0x15ce ./Drivers/STM32H5xx_HAL_Driver/Src/stm32h5xx_hal_cortex.o
 .debug_info    0x0000692c     0x1803 ./Drivers/STM32H5xx_HAL_Driver/Src/stm32h5xx_hal_hash.o
 .debug_info    0x0000812f     0x1009 ./Drivers/STM32H5xx_HAL_Driver/Src/stm32h5xx_hal_rcc.o

.debug_abbrev   0x00000000     0x1525
 .debug_abbrev  0x00000000      0x230 ./Core/Src/SEGGER_RTT.o
 .debug_abbrev  0x00000230      0x120 ./Core/Src/log.o
 .debug_abbrev  0x00000350      0x287 ./Core/Src/main.o
 .debug_abbrev  0x000005d7      0x19a ./Core/Src/stm32h5xx_hal_msp.o
 .debug_abbrev  0x00000771       0x73 ./Core/Src/stm32h5xx_it.o
 .debug_abbrev  0x000007e4       0xbc ./Core/Src/sysmem.o
 .debug_abbrev  0x000008a0      0x13a ./Core/Src/system_stm32h5xx.o
 .debug_abbrev  0x000009da       0x24 ./Core/Startup/startup_stm32h523cetx.o
 .debug_abbrev  0x000009fe      0x2af ./Drivers/STM32H5xx_HAL_Driver/Src/stm32h5xx_hal.o
 .debug_abbrev  0x00000cad      0x311 ./Drivers/STM32H5xx_HAL_Driver/Src/stm32h5xx_hal_cortex.o
 .debug_abbrev  0x00000fbe      0x2d7 ./Drivers/STM32H5xx_HAL_Driver/Src/stm32h5xx_hal_hash.o
 .debug_abbrev  0x00001295      0x290 ./Drivers/STM32H5xx_HAL_Driver/Src/stm32h5xx_hal_rcc.o

.debug_aranges  0x00000000      0x798
 .debug_aranges
                0x00000000      0x138 ./Core/Src/SEGGER_RTT.o
 .debug_aranges
                0x00000138       0x38 ./Core/Src/log.o
 .debug_aranges
                0x00000170       0x38 ./Core/Src/main.o
 .debug_aranges
                0x000001a8       0x30 ./Core/Src/stm32h5xx_hal_msp.o
 .debug_aranges
                0x000001d8       0x60 ./Core/Src/stm32h5xx_it.o
 .debug_aranges
                0x00000238       0x20 ./Core/Src/sysmem.o
 .debug_aranges
                0x00000258       0x28 ./Core/Src/system_stm32h5xx.o
 .debug_aranges
                0x00000280       0x28 ./Core/Startup/startup_stm32h523cetx.o
 .debug_aranges
                0x000002a8      0x1f8 ./Drivers/STM32H5xx_HAL_Driver/Src/stm32h5xx_hal.o
 .debug_aranges
                0x000004a0      0x140 ./Drivers/STM32H5xx_HAL_Driver/Src/stm32h5xx_hal_cortex.o
 .debug_aranges
                0x000005e0      0x118 ./Drivers/STM32H5xx_HAL_Driver/Src/stm32h5xx_hal_hash.o
 .debug_aranges
                0x000006f8       0xa0 ./Drivers/STM32H5xx_HAL_Driver/Src/stm32h5xx_hal_rcc.o

.debug_rnglists
                0x00000000      0x5a8
 .debug_rnglists
                0x00000000       0xf5 ./Core/Src/SEGGER_RTT.o
 .debug_rnglists
                0x000000f5       0x25 ./Core/Src/log.o
 .debug_rnglists
                0x0000011a       0x26 ./Core/Src/main.o
 .debug_rnglists
                0x00000140       0x1f ./Core/Src/stm32h5xx_hal_msp.o
 .debug_rnglists
                0x0000015f       0x43 ./Core/Src/stm32h5xx_it.o
 .debug_rnglists
                0x000001a2       0x13 ./Core/Src/sysmem.o
 .debug_rnglists
                0x000001b5       0x1b ./Core/Src/system_stm32h5xx.o
 .debug_rnglists
                0x000001d0       0x19 ./Core/Startup/startup_stm32h523cetx.o
 .debug_rnglists
                0x000001e9      0x177 ./Drivers/STM32H5xx_HAL_Driver/Src/stm32h5xx_hal.o
 .debug_rnglists
                0x00000360       0xec ./Drivers/STM32H5xx_HAL_Driver/Src/stm32h5xx_hal_cortex.o
 .debug_rnglists
                0x0000044c       0xe3 ./Drivers/STM32H5xx_HAL_Driver/Src/stm32h5xx_hal_hash.o
 .debug_rnglists
                0x0000052f       0x79 ./Drivers/STM32H5xx_HAL_Driver/Src/stm32h5xx_hal_rcc.o

.debug_macro    0x00000000    0x28d3e
 .debug_macro   0x00000000      0x1e9 ./Core/Src/SEGGER_RTT.o
 .debug_macro   0x000001e9      0xade ./Core/Src/SEGGER_RTT.o
 .debug_macro   0x00000cc7       0x49 ./Core/Src/SEGGER_RTT.o
 .debug_macro   0x00000d10       0x35 ./Core/Src/SEGGER_RTT.o
 .debug_macro   0x00000d45       0x2a ./Core/Src/SEGGER_RTT.o
 .debug_macro   0x00000d6f       0x22 ./Core/Src/SEGGER_RTT.o
 .debug_macro   0x00000d91       0x5b ./Core/Src/SEGGER_RTT.o
 .debug_macro   0x00000dec       0x94 ./Core/Src/SEGGER_RTT.o
 .debug_macro   0x00000e80       0x43 ./Core/Src/SEGGER_RTT.o
 .debug_macro   0x00000ec3       0x34 ./Core/Src/SEGGER_RTT.o
 .debug_macro   0x00000ef7       0x16 ./Core/Src/SEGGER_RTT.o
 .debug_macro   0x00000f0d      0x11c ./Core/Src/SEGGER_RTT.o
 .debug_macro   0x00001029       0x9b ./Core/Src/SEGGER_RTT.o
 .debug_macro   0x000010c4       0x57 ./Core/Src/SEGGER_RTT.o
 .debug_macro   0x0000111b      0x370 ./Core/Src/SEGGER_RTT.o
 .debug_macro   0x0000148b       0x16 ./Core/Src/SEGGER_RTT.o
 .debug_macro   0x000014a1       0x4a ./Core/Src/SEGGER_RTT.o
 .debug_macro   0x000014eb       0x34 ./Core/Src/SEGGER_RTT.o
 .debug_macro   0x0000151f       0x10 ./Core/Src/SEGGER_RTT.o
 .debug_macro   0x0000152f       0x58 ./Core/Src/SEGGER_RTT.o
 .debug_macro   0x00001587       0x8e ./Core/Src/SEGGER_RTT.o
 .debug_macro   0x00001615       0x1c ./Core/Src/SEGGER_RTT.o
 .debug_macro   0x00001631      0x185 ./Core/Src/SEGGER_RTT.o
 .debug_macro   0x000017b6       0x16 ./Core/Src/SEGGER_RTT.o
 .debug_macro   0x000017cc       0x29 ./Core/Src/SEGGER_RTT.o
 .debug_macro   0x000017f5       0x58 ./Core/Src/SEGGER_RTT.o
 .debug_macro   0x0000184d      0x103 ./Core/Src/SEGGER_RTT.o
 .debug_macro   0x00001950       0x6a ./Core/Src/SEGGER_RTT.o
 .debug_macro   0x000019ba      0x1df ./Core/Src/SEGGER_RTT.o
 .debug_macro   0x00001b99      0x138 ./Core/Src/SEGGER_RTT.o
 .debug_macro   0x00001cd1       0x16 ./Core/Src/SEGGER_RTT.o
 .debug_macro   0x00001ce7       0x3c ./Core/Src/SEGGER_RTT.o
 .debug_macro   0x00001d23       0x20 ./Core/Src/SEGGER_RTT.o
 .debug_macro   0x00001d43      0x18c ./Core/Src/log.o
 .debug_macro   0x00001ecf       0x1c ./Core/Src/log.o
 .debug_macro   0x00001eeb       0x1c ./Core/Src/log.o
 .debug_macro   0x00001f07       0x16 ./Core/Src/log.o
 .debug_macro   0x00001f1d      0x146 ./Core/Src/log.o
 .debug_macro   0x00002063      0x2ef ./Core/Src/main.o
 .debug_macro   0x00002352      0x1af ./Core/Src/main.o
 .debug_macro   0x00002501      0x190 ./Core/Src/main.o
 .debug_macro   0x00002691      0x19b ./Core/Src/main.o
 .debug_macro   0x0000282c       0x28 ./Core/Src/main.o
 .debug_macro   0x00002854       0x42 ./Core/Src/main.o
 .debug_macro   0x00002896       0x1c ./Core/Src/main.o
 .debug_macro   0x000028b2       0x29 ./Core/Src/main.o
 .debug_macro   0x000028db       0xfb ./Core/Src/main.o
 .debug_macro   0x000029d6     0x1685 ./Core/Src/main.o
 .debug_macro   0x0000405b       0x5e ./Core/Src/main.o
 .debug_macro   0x000040b9    0x1b39d ./Core/Src/main.o
 .debug_macro   0x0001f456       0x6d ./Core/Src/main.o
 .debug_macro   0x0001f4c3     0x388a ./Core/Src/main.o
 .debug_macro   0x00022d4d       0x63 ./Core/Src/main.o
 .debug_macro   0x00022db0     0x19b8 ./Core/Src/main.o
 .debug_macro   0x00024768      0xa9f ./Core/Src/main.o
 .debug_macro   0x00025207      0x166 ./Core/Src/main.o
 .debug_macro   0x0002536d      0x262 ./Core/Src/main.o
 .debug_macro   0x000255cf      0x72d ./Core/Src/main.o
 .debug_macro   0x00025cfc      0x424 ./Core/Src/main.o
 .debug_macro   0x00026120       0xd6 ./Core/Src/main.o
 .debug_macro   0x000261f6      0x1cd ./Core/Src/main.o
 .debug_macro   0x000263c3      0x2bb ./Core/Src/main.o
 .debug_macro   0x0002667e      0x57b ./Core/Src/main.o
 .debug_macro   0x00026bf9       0x7b ./Core/Src/main.o
 .debug_macro   0x00026c74      0x114 ./Core/Src/main.o
 .debug_macro   0x00026d88      0x313 ./Core/Src/main.o
 .debug_macro   0x0002709b      0x1bb ./Core/Src/main.o
 .debug_macro   0x00027256      0x253 ./Core/Src/main.o
 .debug_macro   0x000274a9      0x469 ./Core/Src/main.o
 .debug_macro   0x00027912      0x259 ./Core/Src/stm32h5xx_hal_msp.o
 .debug_macro   0x00027b6b      0x263 ./Core/Src/stm32h5xx_it.o
 .debug_macro   0x00027dce      0x112 ./Core/Src/sysmem.o
 .debug_macro   0x00027ee0      0x23c ./Core/Src/sysmem.o
 .debug_macro   0x0002811c      0x256 ./Core/Src/system_stm32h5xx.o
 .debug_macro   0x00028372      0x285 ./Drivers/STM32H5xx_HAL_Driver/Src/stm32h5xx_hal.o
 .debug_macro   0x000285f7      0x24f ./Drivers/STM32H5xx_HAL_Driver/Src/stm32h5xx_hal_cortex.o
 .debug_macro   0x00028846      0x267 ./Drivers/STM32H5xx_HAL_Driver/Src/stm32h5xx_hal_hash.o
 .debug_macro   0x00028aad      0x291 ./Drivers/STM32H5xx_HAL_Driver/Src/stm32h5xx_hal_rcc.o

.debug_line     0x00000000     0x93b0
 .debug_line    0x00000000      0xf1a ./Core/Src/SEGGER_RTT.o
 .debug_line    0x00000f1a      0x617 ./Core/Src/log.o
 .debug_line    0x00001531      0x999 ./Core/Src/main.o
 .debug_line    0x00001eca      0x85a ./Core/Src/stm32h5xx_hal_msp.o
 .debug_line    0x00002724      0x8dd ./Core/Src/stm32h5xx_it.o
 .debug_line    0x00003001      0x588 ./Core/Src/sysmem.o
 .debug_line    0x00003589      0x9b2 ./Core/Src/system_stm32h5xx.o
 .debug_line    0x00003f3b       0x7b ./Core/Startup/startup_stm32h523cetx.o
 .debug_line    0x00003fb6      0xf3a ./Drivers/STM32H5xx_HAL_Driver/Src/stm32h5xx_hal.o
 .debug_line    0x00004ef0      0xe81 ./Drivers/STM32H5xx_HAL_Driver/Src/stm32h5xx_hal_cortex.o
 .debug_line    0x00005d71     0x2275 ./Drivers/STM32H5xx_HAL_Driver/Src/stm32h5xx_hal_hash.o
 .debug_line    0x00007fe6     0x13ca ./Drivers/STM32H5xx_HAL_Driver/Src/stm32h5xx_hal_rcc.o

.debug_str      0x00000000   0x100a8c
 .debug_str     0x00000000   0x100a8c ./Core/Src/SEGGER_RTT.o
                               0x88b2 (size before relaxing)
 .debug_str     0x00100a8c     0x86d7 ./Core/Src/log.o
 .debug_str     0x00100a8c    0xfdb2b ./Core/Src/main.o
 .debug_str     0x00100a8c    0xfca2c ./Core/Src/stm32h5xx_hal_msp.o
 .debug_str     0x00100a8c    0xfc302 ./Core/Src/stm32h5xx_it.o
 .debug_str     0x00100a8c     0x77a0 ./Core/Src/sysmem.o
 .debug_str     0x00100a8c    0xfc87a ./Core/Src/system_stm32h5xx.o
 .debug_str     0x00100a8c       0x80 ./Core/Startup/startup_stm32h523cetx.o
 .debug_str     0x00100a8c    0xfd608 ./Drivers/STM32H5xx_HAL_Driver/Src/stm32h5xx_hal.o
 .debug_str     0x00100a8c    0xfd1c3 ./Drivers/STM32H5xx_HAL_Driver/Src/stm32h5xx_hal_cortex.o
 .debug_str     0x00100a8c    0xfcc60 ./Drivers/STM32H5xx_HAL_Driver/Src/stm32h5xx_hal_hash.o
 .debug_str     0x00100a8c    0xfcdbf ./Drivers/STM32H5xx_HAL_Driver/Src/stm32h5xx_hal_rcc.o

.comment        0x00000000       0x43
 .comment       0x00000000       0x43 ./Core/Src/SEGGER_RTT.o
                                 0x44 (size before relaxing)
 .comment       0x00000043       0x44 ./Core/Src/log.o
 .comment       0x00000043       0x44 ./Core/Src/main.o
 .comment       0x00000043       0x44 ./Core/Src/stm32h5xx_hal_msp.o
 .comment       0x00000043       0x44 ./Core/Src/stm32h5xx_it.o
 .comment       0x00000043       0x44 ./Core/Src/sysmem.o
 .comment       0x00000043       0x44 ./Core/Src/system_stm32h5xx.o
 .comment       0x00000043       0x44 ./Drivers/STM32H5xx_HAL_Driver/Src/stm32h5xx_hal.o
 .comment       0x00000043       0x44 ./Drivers/STM32H5xx_HAL_Driver/Src/stm32h5xx_hal_cortex.o
 .comment       0x00000043       0x44 ./Drivers/STM32H5xx_HAL_Driver/Src/stm32h5xx_hal_hash.o
 .comment       0x00000043       0x44 ./Drivers/STM32H5xx_HAL_Driver/Src/stm32h5xx_hal_rcc.o

.debug_frame    0x00000000     0x229c
 .debug_frame   0x00000000      0x52c ./Core/Src/SEGGER_RTT.o
 .debug_frame   0x0000052c       0xb0 ./Core/Src/log.o
 .debug_frame   0x000005dc       0x88 ./Core/Src/main.o
 .debug_frame   0x00000664       0x80 ./Core/Src/stm32h5xx_hal_msp.o
 .debug_frame   0x000006e4      0x104 ./Core/Src/stm32h5xx_it.o
 .debug_frame   0x000007e8       0x34 ./Core/Src/sysmem.o
 .debug_frame   0x0000081c       0x60 ./Core/Src/system_stm32h5xx.o
 .debug_frame   0x0000087c      0x800 ./Drivers/STM32H5xx_HAL_Driver/Src/stm32h5xx_hal.o
 .debug_frame   0x0000107c      0x560 ./Drivers/STM32H5xx_HAL_Driver/Src/stm32h5xx_hal_cortex.o
 .debug_frame   0x000015dc      0x4cc ./Drivers/STM32H5xx_HAL_Driver/Src/stm32h5xx_hal_hash.o
 .debug_frame   0x00001aa8      0x268 ./Drivers/STM32H5xx_HAL_Driver/Src/stm32h5xx_hal_rcc.o
 .debug_frame   0x00001d10      0x144 C:/ST/STM32CubeIDE_1.19.0/STM32CubeIDE/plugins/com.st.stm32cube.ide.mcu.externaltools.gnu-tools-for-stm32.13.3.rel1.win32_1.0.0.202411081344/tools/bin/../lib/gcc/arm-none-eabi/13.3.1/../../../../arm-none-eabi/lib/thumb/v8-m.main+fp/hard\libc_nano.a(libc_a-findfp.o)
 .debug_frame   0x00001e54       0x4c C:/ST/STM32CubeIDE_1.19.0/STM32CubeIDE/plugins/com.st.stm32cube.ide.mcu.externaltools.gnu-tools-for-stm32.13.3.rel1.win32_1.0.0.202411081344/tools/bin/../lib/gcc/arm-none-eabi/13.3.1/../../../../arm-none-eabi/lib/thumb/v8-m.main+fp/hard\libc_nano.a(libc_a-vsnprintf.o)
 .debug_frame   0x00001ea0       0x20 C:/ST/STM32CubeIDE_1.19.0/STM32CubeIDE/plugins/com.st.stm32cube.ide.mcu.externaltools.gnu-tools-for-stm32.13.3.rel1.win32_1.0.0.202411081344/tools/bin/../lib/gcc/arm-none-eabi/13.3.1/../../../../arm-none-eabi/lib/thumb/v8-m.main+fp/hard\libc_nano.a(libc_a-memset.o)
 .debug_frame   0x00001ec0       0x38 C:/ST/STM32CubeIDE_1.19.0/STM32CubeIDE/plugins/com.st.stm32cube.ide.mcu.externaltools.gnu-tools-for-stm32.13.3.rel1.win32_1.0.0.202411081344/tools/bin/../lib/gcc/arm-none-eabi/13.3.1/../../../../arm-none-eabi/lib/thumb/v8-m.main+fp/hard\libc_nano.a(libc_a-reent.o)
 .debug_frame   0x00001ef8       0x20 C:/ST/STM32CubeIDE_1.19.0/STM32CubeIDE/plugins/com.st.stm32cube.ide.mcu.externaltools.gnu-tools-for-stm32.13.3.rel1.win32_1.0.0.202411081344/tools/bin/../lib/gcc/arm-none-eabi/13.3.1/../../../../arm-none-eabi/lib/thumb/v8-m.main+fp/hard\libc_nano.a(libc_a-errno.o)
 .debug_frame   0x00001f18       0x2c C:/ST/STM32CubeIDE_1.19.0/STM32CubeIDE/plugins/com.st.stm32cube.ide.mcu.externaltools.gnu-tools-for-stm32.13.3.rel1.win32_1.0.0.202411081344/tools/bin/../lib/gcc/arm-none-eabi/13.3.1/../../../../arm-none-eabi/lib/thumb/v8-m.main+fp/hard\libc_nano.a(libc_a-init.o)
 .debug_frame   0x00001f44       0xb0 C:/ST/STM32CubeIDE_1.19.0/STM32CubeIDE/plugins/com.st.stm32cube.ide.mcu.externaltools.gnu-tools-for-stm32.13.3.rel1.win32_1.0.0.202411081344/tools/bin/../lib/gcc/arm-none-eabi/13.3.1/../../../../arm-none-eabi/lib/thumb/v8-m.main+fp/hard\libc_nano.a(libc_a-lock.o)
 .debug_frame   0x00001ff4       0x28 C:/ST/STM32CubeIDE_1.19.0/STM32CubeIDE/plugins/com.st.stm32cube.ide.mcu.externaltools.gnu-tools-for-stm32.13.3.rel1.win32_1.0.0.202411081344/tools/bin/../lib/gcc/arm-none-eabi/13.3.1/../../../../arm-none-eabi/lib/thumb/v8-m.main+fp/hard\libc_nano.a(libc_a-memcpy-stub.o)
 .debug_frame   0x0000201c       0x38 C:/ST/STM32CubeIDE_1.19.0/STM32CubeIDE/plugins/com.st.stm32cube.ide.mcu.externaltools.gnu-tools-for-stm32.13.3.rel1.win32_1.0.0.202411081344/tools/bin/../lib/gcc/arm-none-eabi/13.3.1/../../../../arm-none-eabi/lib/thumb/v8-m.main+fp/hard\libc_nano.a(libc_a-freer.o)
 .debug_frame   0x00002054       0x50 C:/ST/STM32CubeIDE_1.19.0/STM32CubeIDE/plugins/com.st.stm32cube.ide.mcu.externaltools.gnu-tools-for-stm32.13.3.rel1.win32_1.0.0.202411081344/tools/bin/../lib/gcc/arm-none-eabi/13.3.1/../../../../arm-none-eabi/lib/thumb/v8-m.main+fp/hard\libc_nano.a(libc_a-mallocr.o)
 .debug_frame   0x000020a4       0x30 C:/ST/STM32CubeIDE_1.19.0/STM32CubeIDE/plugins/com.st.stm32cube.ide.mcu.externaltools.gnu-tools-for-stm32.13.3.rel1.win32_1.0.0.202411081344/tools/bin/../lib/gcc/arm-none-eabi/13.3.1/../../../../arm-none-eabi/lib/thumb/v8-m.main+fp/hard\libc_nano.a(libc_a-mlock.o)
 .debug_frame   0x000020d4       0x90 C:/ST/STM32CubeIDE_1.19.0/STM32CubeIDE/plugins/com.st.stm32cube.ide.mcu.externaltools.gnu-tools-for-stm32.13.3.rel1.win32_1.0.0.202411081344/tools/bin/../lib/gcc/arm-none-eabi/13.3.1/../../../../arm-none-eabi/lib/thumb/v8-m.main+fp/hard\libc_nano.a(libc_a-nano-svfprintf.o)
 .debug_frame   0x00002164       0x60 C:/ST/STM32CubeIDE_1.19.0/STM32CubeIDE/plugins/com.st.stm32cube.ide.mcu.externaltools.gnu-tools-for-stm32.13.3.rel1.win32_1.0.0.202411081344/tools/bin/../lib/gcc/arm-none-eabi/13.3.1/../../../../arm-none-eabi/lib/thumb/v8-m.main+fp/hard\libc_nano.a(libc_a-nano-vfprintf_i.o)
 .debug_frame   0x000021c4       0x28 C:/ST/STM32CubeIDE_1.19.0/STM32CubeIDE/plugins/com.st.stm32cube.ide.mcu.externaltools.gnu-tools-for-stm32.13.3.rel1.win32_1.0.0.202411081344/tools/bin/../lib/gcc/arm-none-eabi/13.3.1/../../../../arm-none-eabi/lib/thumb/v8-m.main+fp/hard\libc_nano.a(libc_a-memmove.o)
 .debug_frame   0x000021ec       0x2c C:/ST/STM32CubeIDE_1.19.0/STM32CubeIDE/plugins/com.st.stm32cube.ide.mcu.externaltools.gnu-tools-for-stm32.13.3.rel1.win32_1.0.0.202411081344/tools/bin/../lib/gcc/arm-none-eabi/13.3.1/../../../../arm-none-eabi/lib/thumb/v8-m.main+fp/hard\libc_nano.a(libc_a-sbrkr.o)
 .debug_frame   0x00002218       0x28 C:/ST/STM32CubeIDE_1.19.0/STM32CubeIDE/plugins/com.st.stm32cube.ide.mcu.externaltools.gnu-tools-for-stm32.13.3.rel1.win32_1.0.0.202411081344/tools/bin/../lib/gcc/arm-none-eabi/13.3.1/../../../../arm-none-eabi/lib/thumb/v8-m.main+fp/hard\libc_nano.a(libc_a-memchr-stub.o)
 .debug_frame   0x00002240       0x3c C:/ST/STM32CubeIDE_1.19.0/STM32CubeIDE/plugins/com.st.stm32cube.ide.mcu.externaltools.gnu-tools-for-stm32.13.3.rel1.win32_1.0.0.202411081344/tools/bin/../lib/gcc/arm-none-eabi/13.3.1/../../../../arm-none-eabi/lib/thumb/v8-m.main+fp/hard\libc_nano.a(libc_a-reallocr.o)
 .debug_frame   0x0000227c       0x20 C:/ST/STM32CubeIDE_1.19.0/STM32CubeIDE/plugins/com.st.stm32cube.ide.mcu.externaltools.gnu-tools-for-stm32.13.3.rel1.win32_1.0.0.202411081344/tools/bin/../lib/gcc/arm-none-eabi/13.3.1/../../../../arm-none-eabi/lib/thumb/v8-m.main+fp/hard\libc_nano.a(libc_a-msizer.o)

.debug_line_str
                0x00000000       0x64
 .debug_line_str
                0x00000000       0x64 ./Core/Startup/startup_stm32h523cetx.o
