../Drivers/STM32H5xx_HAL_Driver/Src/stm32h5xx_hal_hash.c:191:19:HAL_HASH_Init	24	static
../Drivers/STM32H5xx_HAL_Driver/Src/stm32h5xx_hal_hash.c:262:19:HAL_HASH_DeInit	16	static
../Drivers/STM32H5xx_HAL_Driver/Src/stm32h5xx_hal_hash.c:308:19:HAL_HASH_SetConfig	24	static
../Drivers/STM32H5xx_HAL_Driver/Src/stm32h5xx_hal_hash.c:368:19:HAL_HASH_GetConfig	16	static
../Drivers/STM32H5xx_HAL_Driver/Src/stm32h5xx_hal_hash.c:410:13:HAL_HASH_MspInit	16	static
../Drivers/STM32H5xx_HAL_Driver/Src/stm32h5xx_hal_hash.c:426:13:HAL_HASH_MspDeInit	16	static
../Drivers/STM32H5xx_HAL_Driver/Src/stm32h5xx_hal_hash.c:861:19:HAL_HASH_Start	24	static
../Drivers/STM32H5xx_HAL_Driver/Src/stm32h5xx_hal_hash.c:937:19:HAL_HASH_Start_IT	32	static
../Drivers/STM32H5xx_HAL_Driver/Src/stm32h5xx_hal_hash.c:1005:19:HAL_HASH_Start_DMA	32	static
../Drivers/STM32H5xx_HAL_Driver/Src/stm32h5xx_hal_hash.c:1147:19:HAL_HASH_Accumulate	32	static
../Drivers/STM32H5xx_HAL_Driver/Src/stm32h5xx_hal_hash.c:1215:19:HAL_HASH_AccumulateLast	32	static
../Drivers/STM32H5xx_HAL_Driver/Src/stm32h5xx_hal_hash.c:1298:19:HAL_HASH_Accumulate_IT	32	static
../Drivers/STM32H5xx_HAL_Driver/Src/stm32h5xx_hal_hash.c:1362:19:HAL_HASH_AccumulateLast_IT	32	static
../Drivers/STM32H5xx_HAL_Driver/Src/stm32h5xx_hal_hash.c:1472:19:HAL_HASH_HMAC_Start	32	static
../Drivers/STM32H5xx_HAL_Driver/Src/stm32h5xx_hal_hash.c:1608:19:HAL_HASH_HMAC_Accumulate	32	static
../Drivers/STM32H5xx_HAL_Driver/Src/stm32h5xx_hal_hash.c:1710:19:HAL_HASH_HMAC_AccumulateLast	24	static
../Drivers/STM32H5xx_HAL_Driver/Src/stm32h5xx_hal_hash.c:1800:19:HAL_HASH_HMAC_Start_IT	32	static
../Drivers/STM32H5xx_HAL_Driver/Src/stm32h5xx_hal_hash.c:1892:19:HAL_HASH_HMAC_Accumulate_IT	32	static
../Drivers/STM32H5xx_HAL_Driver/Src/stm32h5xx_hal_hash.c:1973:19:HAL_HASH_HMAC_AccumulateLast_IT	32	static
../Drivers/STM32H5xx_HAL_Driver/Src/stm32h5xx_hal_hash.c:2029:19:HAL_HASH_HMAC_Start_DMA	40	static
../Drivers/STM32H5xx_HAL_Driver/Src/stm32h5xx_hal_hash.c:2225:6:HAL_HASH_IRQHandler	32	static
../Drivers/STM32H5xx_HAL_Driver/Src/stm32h5xx_hal_hash.c:2284:13:HAL_HASH_InCpltCallback	16	static
../Drivers/STM32H5xx_HAL_Driver/Src/stm32h5xx_hal_hash.c:2302:13:HAL_HASH_DgstCpltCallback	16	static
../Drivers/STM32H5xx_HAL_Driver/Src/stm32h5xx_hal_hash.c:2320:13:HAL_HASH_ErrorCallback	16	static
../Drivers/STM32H5xx_HAL_Driver/Src/stm32h5xx_hal_hash.c:2336:23:HAL_HASH_GetState	16	static
../Drivers/STM32H5xx_HAL_Driver/Src/stm32h5xx_hal_hash.c:2346:10:HAL_HASH_GetError	16	static
../Drivers/STM32H5xx_HAL_Driver/Src/stm32h5xx_hal_hash.c:2369:13:HASH_DMAXferCplt	24	static
../Drivers/STM32H5xx_HAL_Driver/Src/stm32h5xx_hal_hash.c:2505:13:HASH_DMAError	24	static
../Drivers/STM32H5xx_HAL_Driver/Src/stm32h5xx_hal_hash.c:2528:13:HASH_WriteData	40	static
../Drivers/STM32H5xx_HAL_Driver/Src/stm32h5xx_hal_hash.c:2591:26:HASH_WriteData_IT	40	static
../Drivers/STM32H5xx_HAL_Driver/Src/stm32h5xx_hal_hash.c:2987:13:HASH_GetDigest	224	static
../Drivers/STM32H5xx_HAL_Driver/Src/stm32h5xx_hal_hash.c:3113:26:HASH_WaitOnFlagUntilTimeout	32	static
